Archive member included to satisfy reference by file (symbol)

z:/software/st/stm32cubeide_1.0.1/stm32cubeide/plugins/com.st.stm32cube.ide.mcu.externaltools.gnu-tools-for-stm32.7-2018-q2-update.win32_1.0.0.201904181610/tools/bin/../lib/gcc/arm-none-eabi/7.3.1/../../../../arm-none-eabi/lib/thumb/v7e-m/fpv4-sp/hard\libc_nano.a(lib_a-errno.o)
                              startup/sysmem.o (__errno)
z:/software/st/stm32cubeide_1.0.1/stm32cubeide/plugins/com.st.stm32cube.ide.mcu.externaltools.gnu-tools-for-stm32.7-2018-q2-update.win32_1.0.0.201904181610/tools/bin/../lib/gcc/arm-none-eabi/7.3.1/../../../../arm-none-eabi/lib/thumb/v7e-m/fpv4-sp/hard\libc_nano.a(lib_a-exit.o)
                              z:/software/st/stm32cubeide_1.0.1/stm32cubeide/plugins/com.st.stm32cube.ide.mcu.externaltools.gnu-tools-for-stm32.7-2018-q2-update.win32_1.0.0.201904181610/tools/bin/../lib/gcc/arm-none-eabi/7.3.1/../../../../arm-none-eabi/lib/thumb/v7e-m/fpv4-sp/hard/crt0.o (exit)
z:/software/st/stm32cubeide_1.0.1/stm32cubeide/plugins/com.st.stm32cube.ide.mcu.externaltools.gnu-tools-for-stm32.7-2018-q2-update.win32_1.0.0.201904181610/tools/bin/../lib/gcc/arm-none-eabi/7.3.1/../../../../arm-none-eabi/lib/thumb/v7e-m/fpv4-sp/hard\libc_nano.a(lib_a-impure.o)
                              z:/software/st/stm32cubeide_1.0.1/stm32cubeide/plugins/com.st.stm32cube.ide.mcu.externaltools.gnu-tools-for-stm32.7-2018-q2-update.win32_1.0.0.201904181610/tools/bin/../lib/gcc/arm-none-eabi/7.3.1/../../../../arm-none-eabi/lib/thumb/v7e-m/fpv4-sp/hard\libc_nano.a(lib_a-exit.o) (_global_impure_ptr)
z:/software/st/stm32cubeide_1.0.1/stm32cubeide/plugins/com.st.stm32cube.ide.mcu.externaltools.gnu-tools-for-stm32.7-2018-q2-update.win32_1.0.0.201904181610/tools/bin/../lib/gcc/arm-none-eabi/7.3.1/../../../../arm-none-eabi/lib/thumb/v7e-m/fpv4-sp/hard\libc_nano.a(lib_a-init.o)
                              z:/software/st/stm32cubeide_1.0.1/stm32cubeide/plugins/com.st.stm32cube.ide.mcu.externaltools.gnu-tools-for-stm32.7-2018-q2-update.win32_1.0.0.201904181610/tools/bin/../lib/gcc/arm-none-eabi/7.3.1/../../../../arm-none-eabi/lib/thumb/v7e-m/fpv4-sp/hard/crt0.o (__libc_init_array)
z:/software/st/stm32cubeide_1.0.1/stm32cubeide/plugins/com.st.stm32cube.ide.mcu.externaltools.gnu-tools-for-stm32.7-2018-q2-update.win32_1.0.0.201904181610/tools/bin/../lib/gcc/arm-none-eabi/7.3.1/../../../../arm-none-eabi/lib/thumb/v7e-m/fpv4-sp/hard\libc_nano.a(lib_a-memcpy-stub.o)
                              Drivers/BSP/X-NUCLEO-53L0A1/X-NUCLEO-53L0A1.o (memcpy)
z:/software/st/stm32cubeide_1.0.1/stm32cubeide/plugins/com.st.stm32cube.ide.mcu.externaltools.gnu-tools-for-stm32.7-2018-q2-update.win32_1.0.0.201904181610/tools/bin/../lib/gcc/arm-none-eabi/7.3.1/../../../../arm-none-eabi/lib/thumb/v7e-m/fpv4-sp/hard\libc_nano.a(lib_a-memset.o)
                              z:/software/st/stm32cubeide_1.0.1/stm32cubeide/plugins/com.st.stm32cube.ide.mcu.externaltools.gnu-tools-for-stm32.7-2018-q2-update.win32_1.0.0.201904181610/tools/bin/../lib/gcc/arm-none-eabi/7.3.1/../../../../arm-none-eabi/lib/thumb/v7e-m/fpv4-sp/hard/crt0.o (memset)
z:/software/st/stm32cubeide_1.0.1/stm32cubeide/plugins/com.st.stm32cube.ide.mcu.externaltools.gnu-tools-for-stm32.7-2018-q2-update.win32_1.0.0.201904181610/tools/bin/../lib/gcc/arm-none-eabi/7.3.1/../../../../arm-none-eabi/lib/thumb/v7e-m/fpv4-sp/hard\libc_nano.a(lib_a-sprintf.o)
                              Application/User/main.o (sprintf)
z:/software/st/stm32cubeide_1.0.1/stm32cubeide/plugins/com.st.stm32cube.ide.mcu.externaltools.gnu-tools-for-stm32.7-2018-q2-update.win32_1.0.0.201904181610/tools/bin/../lib/gcc/arm-none-eabi/7.3.1/../../../../arm-none-eabi/lib/thumb/v7e-m/fpv4-sp/hard\libc_nano.a(lib_a-strcpy.o)
                              Drivers/BSP/vl53l0x/vl53l0x_api_core.o (strcpy)
z:/software/st/stm32cubeide_1.0.1/stm32cubeide/plugins/com.st.stm32cube.ide.mcu.externaltools.gnu-tools-for-stm32.7-2018-q2-update.win32_1.0.0.201904181610/tools/bin/../lib/gcc/arm-none-eabi/7.3.1/../../../../arm-none-eabi/lib/thumb/v7e-m/fpv4-sp/hard\libc_nano.a(lib_a-vsnprintf.o)
                              Drivers/BSP/X-NUCLEO-53L0A1/uart_trace.o (vsnprintf)
z:/software/st/stm32cubeide_1.0.1/stm32cubeide/plugins/com.st.stm32cube.ide.mcu.externaltools.gnu-tools-for-stm32.7-2018-q2-update.win32_1.0.0.201904181610/tools/bin/../lib/gcc/arm-none-eabi/7.3.1/../../../../arm-none-eabi/lib/thumb/v7e-m/fpv4-sp/hard\libc_nano.a(lib_a-nano-svfprintf.o)
                              z:/software/st/stm32cubeide_1.0.1/stm32cubeide/plugins/com.st.stm32cube.ide.mcu.externaltools.gnu-tools-for-stm32.7-2018-q2-update.win32_1.0.0.201904181610/tools/bin/../lib/gcc/arm-none-eabi/7.3.1/../../../../arm-none-eabi/lib/thumb/v7e-m/fpv4-sp/hard\libc_nano.a(lib_a-sprintf.o) (_svfprintf_r)
[...]
Memory Configuration

Name             Origin             Length             Attributes
FLASH            0x0000000008000000 0x0000000000080000 xr
RAM              0x0000000020000000 0x0000000000018000 xrw
*default*        0x0000000000000000 0xffffffffffffffff

Linker script and memory map

LOAD z:/software/st/stm32cubeide_1.0.1/stm32cubeide/plugins/com.st.stm32cube.ide.mcu.externaltools.gnu-tools-for-stm32.7-2018-q2-update.win32_1.0.0.201904181610/tools/bin/../lib/gcc/arm-none-eabi/7.3.1/thumb/v7e-m/fpv4-sp/hard/crti.o
LOAD z:/software/st/stm32cubeide_1.0.1/stm32cubeide/plugins/com.st.stm32cube.ide.mcu.externaltools.gnu-tools-for-stm32.7-2018-q2-update.win32_1.0.0.201904181610/tools/bin/../lib/gcc/arm-none-eabi/7.3.1/thumb/v7e-m/fpv4-sp/hard/crtbegin.o
LOAD z:/software/st/stm32cubeide_1.0.1/stm32cubeide/plugins/com.st.stm32cube.ide.mcu.externaltools.gnu-tools-for-stm32.7-2018-q2-update.win32_1.0.0.201904181610/tools/bin/../lib/gcc/arm-none-eabi/7.3.1/../../../../arm-none-eabi/lib/thumb/v7e-m/fpv4-sp/hard/crt0.o
LOAD Application/SW4STM32/startup_stm32f401xe.o
LOAD Application/User/main.o
LOAD Application/User/stm32f4xx_hal_msp.o
LOAD Application/User/stm32f4xx_it.o
LOAD Drivers/BSP/X-NUCLEO-53L0A1/X-NUCLEO-53L0A1.o
LOAD Drivers/BSP/X-NUCLEO-53L0A1/uart_trace.o
LOAD Drivers/BSP/X-NUCLEO-53L0A1/vl53l0a1-x4msp.o
LOAD Drivers/BSP/X-NUCLEO-53L0A1/vl53l0x_platform.o
LOAD Drivers/BSP/vl53l0x/vl53l0x_api.o
LOAD Drivers/BSP/vl53l0x/vl53l0x_api_calibration.o
LOAD Drivers/BSP/vl53l0x/vl53l0x_api_core.o
LOAD Drivers/BSP/vl53l0x/vl53l0x_api_ranging.o
LOAD Drivers/BSP/vl53l0x/vl53l0x_api_strings.o
LOAD Drivers/BSP/vl53l0x/vl53l0x_platform_log.o
LOAD Drivers/CMSIS/system_stm32f4xx.o
LOAD Drivers/STM32F4xx_HAL_Driver/stm32f4xx_hal.o
LOAD Drivers/STM32F4xx_HAL_Driver/stm32f4xx_hal_cortex.o
LOAD Drivers/STM32F4xx_HAL_Driver/stm32f4xx_hal_dma.o
LOAD Drivers/STM32F4xx_HAL_Driver/stm32f4xx_hal_dma_ex.o
LOAD Drivers/STM32F4xx_HAL_Driver/stm32f4xx_hal_flash.o
LOAD Drivers/STM32F4xx_HAL_Driver/stm32f4xx_hal_flash_ex.o
LOAD Drivers/STM32F4xx_HAL_Driver/stm32f4xx_hal_flash_ramfunc.o
LOAD Drivers/STM32F4xx_HAL_Driver/stm32f4xx_hal_gpio.o
LOAD Drivers/STM32F4xx_HAL_Driver/stm32f4xx_hal_i2c.o
LOAD Drivers/STM32F4xx_HAL_Driver/stm32f4xx_hal_pwr.o
LOAD Drivers/STM32F4xx_HAL_Driver/stm32f4xx_hal_pwr_ex.o
LOAD Drivers/STM32F4xx_HAL_Driver/stm32f4xx_hal_rcc.o
LOAD Drivers/STM32F4xx_HAL_Driver/stm32f4xx_hal_rcc_ex.o
LOAD Drivers/STM32F4xx_HAL_Driver/stm32f4xx_hal_tim.o
LOAD Drivers/STM32F4xx_HAL_Driver/stm32f4xx_hal_tim_ex.o
LOAD Drivers/STM32F4xx_HAL_Driver/stm32f4xx_hal_uart.o
LOAD Middlewares/GestureDetect/ring_buffer.o
LOAD Middlewares/GestureDetect/tof_gestures_DIRSWIPE_1.o
LOAD Middlewares/GestureDetect/tof_gestures_SWIPE_1.o
LOAD Middlewares/GestureDetect/tof_gestures_TAP_1.o
LOAD Middlewares/GestureDetect/tof_motion.o
LOAD startup/sysmem.o
START GROUP
LOAD z:/software/st/stm32cubeide_1.0.1/stm32cubeide/plugins/com.st.stm32cube.ide.mcu.externaltools.gnu-tools-for-stm32.7-2018-q2-update.win32_1.0.0.201904181610/tools/bin/../lib/gcc/arm-none-eabi/7.3.1/../../../../arm-none-eabi/lib/thumb/v7e-m/fpv4-sp/hard\libc_nano.a
LOAD z:/software/st/stm32cubeide_1.0.1/stm32cubeide/plugins/com.st.stm32cube.ide.mcu.externaltools.gnu-tools-for-stm32.7-2018-q2-update.win32_1.0.0.201904181610/tools/bin/../lib/gcc/arm-none-eabi/7.3.1/../../../../arm-none-eabi/lib/thumb/v7e-m/fpv4-sp/hard\libm.a
END GROUP
START GROUP
LOAD z:/software/st/stm32cubeide_1.0.1/stm32cubeide/plugins/com.st.stm32cube.ide.mcu.externaltools.gnu-tools-for-stm32.7-2018-q2-update.win32_1.0.0.201904181610/tools/bin/../lib/gcc/arm-none-eabi/7.3.1/thumb/v7e-m/fpv4-sp/hard\libgcc.a
LOAD z:/software/st/stm32cubeide_1.0.1/stm32cubeide/plugins/com.st.stm32cube.ide.mcu.externaltools.gnu-tools-for-stm32.7-2018-q2-update.win32_1.0.0.201904181610/tools/bin/../lib/gcc/arm-none-eabi/7.3.1/../../../../arm-none-eabi/lib/thumb/v7e-m/fpv4-sp/hard\libc_nano.a
END GROUP
START GROUP
LOAD z:/software/st/stm32cubeide_1.0.1/stm32cubeide/plugins/com.st.stm32cube.ide.mcu.externaltools.gnu-tools-for-stm32.7-2018-q2-update.win32_1.0.0.201904181610/tools/bin/../lib/gcc/arm-none-eabi/7.3.1/thumb/v7e-m/fpv4-sp/hard\libgcc.a
LOAD z:/software/st/stm32cubeide_1.0.1/stm32cubeide/plugins/com.st.stm32cube.ide.mcu.externaltools.gnu-tools-for-stm32.7-2018-q2-update.win32_1.0.0.201904181610/tools/bin/../lib/gcc/arm-none-eabi/7.3.1/../../../../arm-none-eabi/lib/thumb/v7e-m/fpv4-sp/hard\libc_nano.a
LOAD z:/software/st/stm32cubeide_1.0.1/stm32cubeide/plugins/com.st.stm32cube.ide.mcu.externaltools.gnu-tools-for-stm32.7-2018-q2-update.win32_1.0.0.201904181610/tools/bin/../lib/gcc/arm-none-eabi/7.3.1/../../../../arm-none-eabi/lib/thumb/v7e-m/fpv4-sp/hard\libnosys.a
END GROUP
START GROUP
LOAD z:/software/st/stm32cubeide_1.0.1/stm32cubeide/plugins/com.st.stm32cube.ide.mcu.externaltools.gnu-tools-for-stm32.7-2018-q2-update.win32_1.0.0.201904181610/tools/bin/../lib/gcc/arm-none-eabi/7.3.1/thumb/v7e-m/fpv4-sp/hard\libgcc.a
LOAD z:/software/st/stm32cubeide_1.0.1/stm32cubeide/plugins/com.st.stm32cube.ide.mcu.externaltools.gnu-tools-for-stm32.7-2018-q2-update.win32_1.0.0.201904181610/tools/bin/../lib/gcc/arm-none-eabi/7.3.1/../../../../arm-none-eabi/lib/thumb/v7e-m/fpv4-sp/hard\libc_nano.a
LOAD z:/software/st/stm32cubeide_1.0.1/stm32cubeide/plugins/com.st.stm32cube.ide.mcu.externaltools.gnu-tools-for-stm32.7-2018-q2-update.win32_1.0.0.201904181610/tools/bin/../lib/gcc/arm-none-eabi/7.3.1/../../../../arm-none-eabi/lib/thumb/v7e-m/fpv4-sp/hard\libnosys.a
END GROUP
LOAD z:/software/st/stm32cubeide_1.0.1/stm32cubeide/plugins/com.st.stm32cube.ide.mcu.externaltools.gnu-tools-for-stm32.7-2018-q2-update.win32_1.0.0.201904181610/tools/bin/../lib/gcc/arm-none-eabi/7.3.1/thumb/v7e-m/fpv4-sp/hard/crtend.o
LOAD z:/software/st/stm32cubeide_1.0.1/stm32cubeide/plugins/com.st.stm32cube.ide.mcu.externaltools.gnu-tools-for-stm32.7-2018-q2-update.win32_1.0.0.201904181610/tools/bin/../lib/gcc/arm-none-eabi/7.3.1/thumb/v7e-m/fpv4-sp/hard/crtn.o
                0x0000000020018000                _estack = 0x20018000
                0x0000000000000200                _Min_Heap_Size = 0x200
                0x0000000000000400                _Min_Stack_Size = 0x400

.isr_vector     0x0000000008000000      0x194
                0x0000000008000000                . = ALIGN (0x4)
 *(.isr_vector)
 .isr_vector    0x0000000008000000      0x194 Application/SW4STM32/startup_stm32f401xe.o
                0x0000000008000000                g_pfnVectors
                0x0000000008000194                . = ALIGN (0x4)

.text           0x00000000080001a0     0xaa14
                0x00000000080001a0                . = ALIGN (0x4)
 *(.text)
 .text          0x00000000080001a0       0x40 z:/software/st/stm32cubeide_1.0.1/stm32cubeide/plugins/com.st.stm32cube.ide.mcu.externaltools.gnu-tools-for-stm32.7-2018-q2-update.win32_1.0.0.201904181610/tools/bin/../lib/gcc/arm-none-eabi/7.3.1/thumb/v7e-m/fpv4-sp/hard/crtbegin.o
 .text          0x00000000080001e0       0xa0 z:/software/st/stm32cubeide_1.0.1/stm32cubeide/plugins/com.st.stm32cube.ide.mcu.externaltools.gnu-tools-for-stm32.7-2018-q2-update.win32_1.0.0.201904181610/tools/bin/../lib/gcc/arm-none-eabi/7.3.1/../../../../arm-none-eabi/lib/thumb/v7e-m/fpv4-sp/hard\libc_nano.a(lib_a-memchr.o)
                0x00000000080001e0                memchr
 *(.text*)
 .text.Reset_Handler
                0x0000000008000280       0x50 Application/SW4STM32/startup_stm32f401xe.o
                0x0000000008000280                Reset_Handler
 .text.Default_Handler
                0x00000000080002d0        0x2 Application/SW4STM32/startup_stm32f401xe.o
                0x00000000080002d0                RTC_Alarm_IRQHandler
                0x00000000080002d0                EXTI2_IRQHandler
                0x00000000080002d0                DebugMon_Handler
                0x00000000080002d0                SPI4_IRQHandler
                0x00000000080002d0                TIM1_CC_IRQHandler
                0x00000000080002d0                DMA2_Stream5_IRQHandler
                0x00000000080002d0                HardFault_Handler
                0x00000000080002d0                DMA1_Stream5_IRQHandler
                0x00000000080002d0                PVD_IRQHandler
                0x00000000080002d0                SDIO_IRQHandler
                0x00000000080002d0                TAMP_STAMP_IRQHandler
                0x00000000080002d0                PendSV_Handler
                0x00000000080002d0                NMI_Handler
                0x00000000080002d0                EXTI3_IRQHandler
                0x00000000080002d0                TIM1_UP_TIM10_IRQHandler
                0x00000000080002d0                I2C3_ER_IRQHandler
                0x00000000080002d0                EXTI0_IRQHandler
                0x00000000080002d0                I2C2_EV_IRQHandler
                0x00000000080002d0                DMA1_Stream2_IRQHandler
                0x00000000080002d0                FPU_IRQHandler
                0x00000000080002d0                UsageFault_Handler
                0x00000000080002d0                DMA2_Stream2_IRQHandler
                0x00000000080002d0                SPI1_IRQHandler
                0x00000000080002d0                TIM1_BRK_TIM9_IRQHandler
                0x00000000080002d0                DMA2_Stream3_IRQHandler
                0x00000000080002d0                USART6_IRQHandler
                0x00000000080002d0                DMA2_Stream0_IRQHandler
                0x00000000080002d0                TIM4_IRQHandler
                0x00000000080002d0                I2C1_EV_IRQHandler
                0x00000000080002d0                DMA1_Stream1_IRQHandler
                0x00000000080002d0                TIM3_IRQHandler
                0x00000000080002d0                RCC_IRQHandler
                0x00000000080002d0                Default_Handler
                0x00000000080002d0                ADC_IRQHandler
                0x00000000080002d0                DMA1_Stream7_IRQHandler
                0x00000000080002d0                TIM5_IRQHandler
                0x00000000080002d0                DMA2_Stream7_IRQHandler
                0x00000000080002d0                I2C3_EV_IRQHandler
                0x00000000080002d0                RTC_WKUP_IRQHandler
                0x00000000080002d0                SPI2_IRQHandler
                0x00000000080002d0                MemManage_Handler
                0x00000000080002d0                DMA1_Stream0_IRQHandler
                0x00000000080002d0                SVC_Handler
                0x00000000080002d0                WWDG_IRQHandler
                0x00000000080002d0                TIM2_IRQHandler
                0x00000000080002d0                OTG_FS_WKUP_IRQHandler
                0x00000000080002d0                TIM1_TRG_COM_TIM11_IRQHandler
                0x00000000080002d0                EXTI1_IRQHandler
                0x00000000080002d0                I2C2_ER_IRQHandler
                0x00000000080002d0                DMA2_Stream1_IRQHandler
                0x00000000080002d0                FLASH_IRQHandler
                0x00000000080002d0                DMA2_Stream4_IRQHandler
                0x00000000080002d0                BusFault_Handler
                0x00000000080002d0                USART1_IRQHandler
                0x00000000080002d0                OTG_FS_IRQHandler
                0x00000000080002d0                SPI3_IRQHandler
                0x00000000080002d0                DMA1_Stream4_IRQHandler
                0x00000000080002d0                I2C1_ER_IRQHandler
                0x00000000080002d0                DMA2_Stream6_IRQHandler
                0x00000000080002d0                DMA1_Stream3_IRQHandler
 *fill*         0x00000000080002d2        0x2 
 .text.VL53L0A1_EXTI_Callback
                0x00000000080002d4       0x54 Application/User/main.o
                0x00000000080002d4                VL53L0A1_EXTI_Callback
 .text.MX_TIM5_Init
                0x0000000008000328       0x6c Application/User/main.o
                0x0000000008000328                MX_TIM5_Init
 .text.TimeStamp_Init
                0x0000000008000394        0xc Application/User/main.o
                0x0000000008000394                TimeStamp_Init
 .text.TimeStamp_Reset
                0x00000000080003a0       0x1c Application/User/main.o
                0x00000000080003a0                TimeStamp_Reset
 .text.TimeStamp_Get
                0x00000000080003bc       0x18 Application/User/main.o
                0x00000000080003bc                TimeStamp_Get
 .text.DetectSensors
                0x00000000080003d4      0x11c Application/User/main.o
                0x00000000080003d4                DetectSensors
 .text.SetupSingleShot
                0x00000000080004f0       0xc0 Application/User/main.o
                0x00000000080004f0                SetupSingleShot
 .text.Sensor_SetNewRange
                0x00000000080005b0       0x88 Application/User/main.o
                0x00000000080005b0                Sensor_SetNewRange
 .text.main     0x0000000008000638      0x190 Application/User/main.o
                0x0000000008000638                main
 .text.SystemClock_Config
                0x00000000080007c8       0xa4 Application/User/main.o
                0x00000000080007c8                SystemClock_Config
 .text.MX_GPIO_Init
                0x000000000800086c       0x88 Application/User/main.o
 .text.HAL_MspInit
                0x00000000080008f4       0x1a Application/User/stm32f4xx_hal_msp.o
                0x00000000080008f4                HAL_MspInit
 *fill*         0x000000000800090e        0x2 
 .text.HAL_TIM_OC_MspInit
                0x0000000008000910       0x6c Application/User/stm32f4xx_hal_msp.o
                0x0000000008000910                HAL_TIM_OC_MspInit
 .text.SysTick_Handler
                0x000000000800097c       0x10 Application/User/stm32f4xx_it.o
                0x000000000800097c                SysTick_Handler
 .text._I2cFailRecover
                0x000000000800098c      0x144 Drivers/BSP/X-NUCLEO-53L0A1/X-NUCLEO-53L0A1.o
 .text.XNUCLEO53L0A1_I2C1Configure
                0x0000000008000ad0       0xc4 Drivers/BSP/X-NUCLEO-53L0A1/X-NUCLEO-53L0A1.o
                0x0000000008000ad0                XNUCLEO53L0A1_I2C1Configure
 .text.XNUCLEO53L0A1_Init
                0x0000000008000b94      0x110 Drivers/BSP/X-NUCLEO-53L0A1/X-NUCLEO-53L0A1.o
                0x0000000008000b94                XNUCLEO53L0A1_Init
 .text.XNUCLEO53L0A1_ResetId
                0x0000000008000ca4      0x114 Drivers/BSP/X-NUCLEO-53L0A1/X-NUCLEO-53L0A1.o
                0x0000000008000ca4                XNUCLEO53L0A1_ResetId
 .text._ExpandersSetAllIO
                0x0000000008000db8       0x40 Drivers/BSP/X-NUCLEO-53L0A1/X-NUCLEO-53L0A1.o
 .text._ExpanderRd
                0x0000000008000df8       0x64 Drivers/BSP/X-NUCLEO-53L0A1/X-NUCLEO-53L0A1.o
 .text._ExpanderWR
                0x0000000008000e5c       0x54 Drivers/BSP/X-NUCLEO-53L0A1/X-NUCLEO-53L0A1.o
 .text.HAL_UART_TxCpltCallback
                0x0000000008000eb0       0x20 Drivers/BSP/X-NUCLEO-53L0A1/uart_trace.o
                0x0000000008000eb0                HAL_UART_TxCpltCallback
 .text.uart_vprintf
                0x0000000008000ed0       0x74 Drivers/BSP/X-NUCLEO-53L0A1/uart_trace.o
                0x0000000008000ed0                uart_vprintf
 .text.uart_printf
                0x0000000008000f44       0x38 Drivers/BSP/X-NUCLEO-53L0A1/uart_trace.o
                0x0000000008000f44                uart_printf
 .text.DMA1_Stream6_IRQHandler
                0x0000000008000f7c       0x14 Drivers/BSP/X-NUCLEO-53L0A1/vl53l0a1-x4msp.o
                0x0000000008000f7c                DMA1_Stream6_IRQHandler
 .text.XNUCLEO53L0A1_DMA_Init
                0x0000000008000f90       0x40 Drivers/BSP/X-NUCLEO-53L0A1/vl53l0a1-x4msp.o
 .text.XNUCLEO53L0A1_USART2_UART_Init
                0x0000000008000fd0       0x4c Drivers/BSP/X-NUCLEO-53L0A1/vl53l0a1-x4msp.o
                0x0000000008000fd0                XNUCLEO53L0A1_USART2_UART_Init
 .text.HAL_UART_MspInit
                0x000000000800101c       0xcc Drivers/BSP/X-NUCLEO-53L0A1/vl53l0a1-x4msp.o
                0x000000000800101c                HAL_UART_MspInit
 .text.USART2_IRQHandler
                0x00000000080010e8       0x14 Drivers/BSP/X-NUCLEO-53L0A1/vl53l0a1-x4msp.o
                0x00000000080010e8                USART2_IRQHandler
 .text.HAL_GPIO_EXTI_Callback
                0x00000000080010fc       0x48 Drivers/BSP/X-NUCLEO-53L0A1/vl53l0a1-x4msp.o
                0x00000000080010fc                HAL_GPIO_EXTI_Callback
 .text.EXTI4_IRQHandler
                0x0000000008001144        0xe Drivers/BSP/X-NUCLEO-53L0A1/vl53l0a1-x4msp.o
                0x0000000008001144                EXTI4_IRQHandler
 .text.EXTI9_5_IRQHandler
                0x0000000008001152        0xe Drivers/BSP/X-NUCLEO-53L0A1/vl53l0a1-x4msp.o
                0x0000000008001152                EXTI9_5_IRQHandler
 .text.EXTI15_10_IRQHandler
                0x0000000008001160       0x10 Drivers/BSP/X-NUCLEO-53L0A1/vl53l0a1-x4msp.o
                0x0000000008001160                EXTI15_10_IRQHandler
 .text._I2CWrite
                0x0000000008001170       0x3e Drivers/BSP/X-NUCLEO-53L0A1/vl53l0x_platform.o
                0x0000000008001170                _I2CWrite
 .text._I2CRead
                0x00000000080011ae       0x44 Drivers/BSP/X-NUCLEO-53L0A1/vl53l0x_platform.o
                0x00000000080011ae                _I2CRead
 *fill*         0x00000000080011f2        0x2 
 .text.VL53L0X_WriteMulti
                0x00000000080011f4       0x60 Drivers/BSP/X-NUCLEO-53L0A1/vl53l0x_platform.o
                0x00000000080011f4                VL53L0X_WriteMulti
 .text.VL53L0X_ReadMulti
                0x0000000008001254       0x56 Drivers/BSP/X-NUCLEO-53L0A1/vl53l0x_platform.o
                0x0000000008001254                VL53L0X_ReadMulti
 *fill*         0x00000000080012aa        0x2 
 .text.VL53L0X_WrByte
                0x00000000080012ac       0x48 Drivers/BSP/X-NUCLEO-53L0A1/vl53l0x_platform.o
                0x00000000080012ac                VL53L0X_WrByte
 .text.VL53L0X_WrWord
                0x00000000080012f4       0x54 Drivers/BSP/X-NUCLEO-53L0A1/vl53l0x_platform.o
                0x00000000080012f4                VL53L0X_WrWord
 .text.VL53L0X_UpdateByte
                0x0000000008001348       0x68 Drivers/BSP/X-NUCLEO-53L0A1/vl53l0x_platform.o
                0x0000000008001348                VL53L0X_UpdateByte
 .text.VL53L0X_RdByte
                0x00000000080013b0       0x54 Drivers/BSP/X-NUCLEO-53L0A1/vl53l0x_platform.o
                0x00000000080013b0                VL53L0X_RdByte
 .text.VL53L0X_RdWord
                0x0000000008001404       0x70 Drivers/BSP/X-NUCLEO-53L0A1/vl53l0x_platform.o
                0x0000000008001404                VL53L0X_RdWord
 .text.VL53L0X_RdDWord
                0x0000000008001474       0x78 Drivers/BSP/X-NUCLEO-53L0A1/vl53l0x_platform.o
                0x0000000008001474                VL53L0X_RdDWord
 .text.VL53L0X_PollingDelay
                0x00000000080014ec       0x1e Drivers/BSP/X-NUCLEO-53L0A1/vl53l0x_platform.o
                0x00000000080014ec                VL53L0X_PollingDelay
 *fill*         0x000000000800150a        0x2 
 .text.VL53L0X_GetOffsetCalibrationDataMicroMeter
                0x000000000800150c       0x7c Drivers/BSP/vl53l0x/vl53l0x_api.o
                0x000000000800150c                VL53L0X_GetOffsetCalibrationDataMicroMeter
 .text.VL53L0X_SetDeviceAddress
                0x0000000008001588       0x88 Drivers/BSP/vl53l0x/vl53l0x_api.o
                0x0000000008001588                VL53L0X_SetDeviceAddress
 .text.VL53L0X_DataInit
                0x0000000008001610      0x31c Drivers/BSP/vl53l0x/vl53l0x_api.o
                0x0000000008001610                VL53L0X_DataInit
 .text.VL53L0X_StaticInit
                0x000000000800192c      0x358 Drivers/BSP/vl53l0x/vl53l0x_api.o
                0x000000000800192c                VL53L0X_StaticInit
 .text.VL53L0X_GetDeviceParameters
                0x0000000008001c84      0x178 Drivers/BSP/vl53l0x/vl53l0x_api.o
                0x0000000008001c84                VL53L0X_GetDeviceParameters
 .text.VL53L0X_SetDeviceMode
                0x0000000008001dfc       0xe8 Drivers/BSP/vl53l0x/vl53l0x_api.o
                0x0000000008001dfc                VL53L0X_SetDeviceMode
 .text.VL53L0X_GetDeviceMode
                0x0000000008001ee4       0x78 Drivers/BSP/vl53l0x/vl53l0x_api.o
                0x0000000008001ee4                VL53L0X_GetDeviceMode
 .text.VL53L0X_GetFractionEnable
                0x0000000008001f5c       0x94 Drivers/BSP/vl53l0x/vl53l0x_api.o
                0x0000000008001f5c                VL53L0X_GetFractionEnable
 .text.VL53L0X_SetMeasurementTimingBudgetMicroSeconds
                0x0000000008001ff0       0x7c Drivers/BSP/vl53l0x/vl53l0x_api.o
                0x0000000008001ff0                VL53L0X_SetMeasurementTimingBudgetMicroSeconds
 .text.VL53L0X_GetMeasurementTimingBudgetMicroSeconds
                0x000000000800206c       0x7c Drivers/BSP/vl53l0x/vl53l0x_api.o
                0x000000000800206c                VL53L0X_GetMeasurementTimingBudgetMicroSeconds
 .text.VL53L0X_GetVcselPulsePeriod
                0x00000000080020e8       0x84 Drivers/BSP/vl53l0x/vl53l0x_api.o
                0x00000000080020e8                VL53L0X_GetVcselPulsePeriod
 .text.VL53L0X_SetSequenceStepEnable
                0x000000000800216c      0x19c Drivers/BSP/vl53l0x/vl53l0x_api.o
                0x000000000800216c                VL53L0X_SetSequenceStepEnable
 .text.sequence_step_enabled
                0x0000000008002308       0xf8 Drivers/BSP/vl53l0x/vl53l0x_api.o
                0x0000000008002308                sequence_step_enabled
 .text.VL53L0X_GetSequenceStepEnables
                0x0000000008002400      0x108 Drivers/BSP/vl53l0x/vl53l0x_api.o
                0x0000000008002400                VL53L0X_GetSequenceStepEnables
 .text.VL53L0X_GetInterMeasurementPeriodMilliSeconds
                0x0000000008002508       0xc0 Drivers/BSP/vl53l0x/vl53l0x_api.o
                0x0000000008002508                VL53L0X_GetInterMeasurementPeriodMilliSeconds
 .text.VL53L0X_GetXTalkCompensationEnable
                0x00000000080025c8       0x7c Drivers/BSP/vl53l0x/vl53l0x_api.o
                0x00000000080025c8                VL53L0X_GetXTalkCompensationEnable
 .text.VL53L0X_GetXTalkCompensationRateMegaCps
                0x0000000008002644       0xbc Drivers/BSP/vl53l0x/vl53l0x_api.o
                0x0000000008002644                VL53L0X_GetXTalkCompensationRateMegaCps
 .text.VL53L0X_SetLimitCheckEnable
                0x0000000008002700      0x170 Drivers/BSP/vl53l0x/vl53l0x_api.o
                0x0000000008002700                VL53L0X_SetLimitCheckEnable
 .text.VL53L0X_GetLimitCheckEnable
                0x0000000008002870       0x98 Drivers/BSP/vl53l0x/vl53l0x_api.o
                0x0000000008002870                VL53L0X_GetLimitCheckEnable
 .text.VL53L0X_SetLimitCheckValue
                0x0000000008002908      0x118 Drivers/BSP/vl53l0x/vl53l0x_api.o
                0x0000000008002908                VL53L0X_SetLimitCheckValue
 .text.VL53L0X_GetLimitCheckValue
                0x0000000008002a20      0x170 Drivers/BSP/vl53l0x/vl53l0x_api.o
                0x0000000008002a20                VL53L0X_GetLimitCheckValue
 .text.VL53L0X_GetWrapAroundCheckEnable
                0x0000000008002b90       0xbc Drivers/BSP/vl53l0x/vl53l0x_api.o
                0x0000000008002b90                VL53L0X_GetWrapAroundCheckEnable
 .text.VL53L0X_PerformSingleMeasurement
                0x0000000008002c4c       0xc0 Drivers/BSP/vl53l0x/vl53l0x_api.o
                0x0000000008002c4c                VL53L0X_PerformSingleMeasurement
 .text.VL53L0X_PerformRefCalibration
                0x0000000008002d0c       0x84 Drivers/BSP/vl53l0x/vl53l0x_api.o
                0x0000000008002d0c                VL53L0X_PerformRefCalibration
 .text.VL53L0X_CheckAndLoadInterruptSettings
                0x0000000008002d90       0xcc Drivers/BSP/vl53l0x/vl53l0x_api.o
                0x0000000008002d90                VL53L0X_CheckAndLoadInterruptSettings
 .text.VL53L0X_StartMeasurement
                0x0000000008002e5c      0x1d4 Drivers/BSP/vl53l0x/vl53l0x_api.o
                0x0000000008002e5c                VL53L0X_StartMeasurement
 .text.VL53L0X_GetMeasurementDataReady
                0x0000000008003030       0xd8 Drivers/BSP/vl53l0x/vl53l0x_api.o
                0x0000000008003030                VL53L0X_GetMeasurementDataReady
 .text.VL53L0X_GetRangingMeasurementData
                0x0000000008003108      0x2a0 Drivers/BSP/vl53l0x/vl53l0x_api.o
                0x0000000008003108                VL53L0X_GetRangingMeasurementData
 .text.VL53L0X_PerformSingleRangingMeasurement
                0x00000000080033a8       0xb8 Drivers/BSP/vl53l0x/vl53l0x_api.o
                0x00000000080033a8                VL53L0X_PerformSingleRangingMeasurement
 .text.VL53L0X_SetGpioConfig
                0x0000000008003460      0x2a4 Drivers/BSP/vl53l0x/vl53l0x_api.o
                0x0000000008003460                VL53L0X_SetGpioConfig
 .text.VL53L0X_GetInterruptThresholds
                0x0000000008003704       0xc4 Drivers/BSP/vl53l0x/vl53l0x_api.o
                0x0000000008003704                VL53L0X_GetInterruptThresholds
 .text.VL53L0X_ClearInterruptMask
                0x00000000080037c8       0xd8 Drivers/BSP/vl53l0x/vl53l0x_api.o
                0x00000000080037c8                VL53L0X_ClearInterruptMask
 .text.VL53L0X_GetInterruptMaskStatus
                0x00000000080038a0       0x9c Drivers/BSP/vl53l0x/vl53l0x_api.o
                0x00000000080038a0                VL53L0X_GetInterruptMaskStatus
 .text.VL53L0X_PerformRefSpadManagement
                0x000000000800393c       0x80 Drivers/BSP/vl53l0x/vl53l0x_api.o
                0x000000000800393c                VL53L0X_PerformRefSpadManagement
 .text.VL53L0X_get_offset_calibration_data_micro_meter
                0x00000000080039bc       0x7e Drivers/BSP/vl53l0x/vl53l0x_api_calibration.o
                0x00000000080039bc                VL53L0X_get_offset_calibration_data_micro_meter
 .text.get_next_good_spad
                0x0000000008003a3a       0xbc Drivers/BSP/vl53l0x/vl53l0x_api_calibration.o
                0x0000000008003a3a                get_next_good_spad
 *fill*         0x0000000008003af6        0x2 
 .text.is_aperture
                0x0000000008003af8       0x34 Drivers/BSP/vl53l0x/vl53l0x_api_calibration.o
                0x0000000008003af8                is_aperture
 .text.enable_spad_bit
                0x0000000008003b2c       0x70 Drivers/BSP/vl53l0x/vl53l0x_api_calibration.o
                0x0000000008003b2c                enable_spad_bit
 .text.set_ref_spad_map
                0x0000000008003b9c       0x26 Drivers/BSP/vl53l0x/vl53l0x_api_calibration.o
                0x0000000008003b9c                set_ref_spad_map
 .text.get_ref_spad_map
                0x0000000008003bc2       0x26 Drivers/BSP/vl53l0x/vl53l0x_api_calibration.o
                0x0000000008003bc2                get_ref_spad_map
 .text.enable_ref_spads
                0x0000000008003be8       0xf8 Drivers/BSP/vl53l0x/vl53l0x_api_calibration.o
                0x0000000008003be8                enable_ref_spads
 .text.perform_ref_signal_measurement
                0x0000000008003ce0       0xd4 Drivers/BSP/vl53l0x/vl53l0x_api_calibration.o
                0x0000000008003ce0                perform_ref_signal_measurement
 .text.VL53L0X_perform_ref_spad_management
                0x0000000008003db4      0x418 Drivers/BSP/vl53l0x/vl53l0x_api_calibration.o
                0x0000000008003db4                VL53L0X_perform_ref_spad_management
 .text.VL53L0X_set_reference_spads
                0x00000000080041cc      0x14a Drivers/BSP/vl53l0x/vl53l0x_api_calibration.o
                0x00000000080041cc                VL53L0X_set_reference_spads
 .text.VL53L0X_perform_single_ref_calibration
                0x0000000008004316       0x76 Drivers/BSP/vl53l0x/vl53l0x_api_calibration.o
                0x0000000008004316                VL53L0X_perform_single_ref_calibration
 .text.VL53L0X_ref_calibration_io
                0x000000000800438c      0x132 Drivers/BSP/vl53l0x/vl53l0x_api_calibration.o
                0x000000000800438c                VL53L0X_ref_calibration_io
 .text.VL53L0X_perform_vhv_calibration
                0x00000000080044be       0xce Drivers/BSP/vl53l0x/vl53l0x_api_calibration.o
                0x00000000080044be                VL53L0X_perform_vhv_calibration
 .text.VL53L0X_perform_phase_calibration
                0x000000000800458c       0xca Drivers/BSP/vl53l0x/vl53l0x_api_calibration.o
                0x000000000800458c                VL53L0X_perform_phase_calibration
 .text.VL53L0X_perform_ref_calibration
                0x0000000008004656       0x7a Drivers/BSP/vl53l0x/vl53l0x_api_calibration.o
                0x0000000008004656                VL53L0X_perform_ref_calibration
 .text.VL53L0X_measurement_poll_for_completion
                0x00000000080046d0       0xb8 Drivers/BSP/vl53l0x/vl53l0x_api_core.o
                0x00000000080046d0                VL53L0X_measurement_poll_for_completion
 .text.VL53L0X_decode_vcsel_period
                0x0000000008004788       0x26 Drivers/BSP/vl53l0x/vl53l0x_api_core.o
                0x0000000008004788                VL53L0X_decode_vcsel_period
 .text.VL53L0X_isqrt
                0x00000000080047ae       0x68 Drivers/BSP/vl53l0x/vl53l0x_api_core.o
                0x00000000080047ae                VL53L0X_isqrt
 *fill*         0x0000000008004816        0x2 
 .text.VL53L0X_device_read_strobe
                0x0000000008004818       0xdc Drivers/BSP/vl53l0x/vl53l0x_api_core.o
                0x0000000008004818                VL53L0X_device_read_strobe
 .text.VL53L0X_get_info_from_device
                0x00000000080048f4      0x9fc Drivers/BSP/vl53l0x/vl53l0x_api_core.o
                0x00000000080048f4                VL53L0X_get_info_from_device
 .text.VL53L0X_calc_macro_period_ps
                0x00000000080052f0       0x90 Drivers/BSP/vl53l0x/vl53l0x_api_core.o
                0x00000000080052f0                VL53L0X_calc_macro_period_ps
 .text.VL53L0X_encode_timeout
                0x0000000008005380       0x58 Drivers/BSP/vl53l0x/vl53l0x_api_core.o
                0x0000000008005380                VL53L0X_encode_timeout
 .text.VL53L0X_decode_timeout
                0x00000000080053d8       0x2c Drivers/BSP/vl53l0x/vl53l0x_api_core.o
                0x00000000080053d8                VL53L0X_decode_timeout
 .text.VL53L0X_calc_timeout_mclks
                0x0000000008005404       0x54 Drivers/BSP/vl53l0x/vl53l0x_api_core.o
                0x0000000008005404                VL53L0X_calc_timeout_mclks
 .text.VL53L0X_calc_timeout_us
                0x0000000008005458       0x54 Drivers/BSP/vl53l0x/vl53l0x_api_core.o
                0x0000000008005458                VL53L0X_calc_timeout_us
 .text.get_sequence_step_timeout
                0x00000000080054ac      0x1c2 Drivers/BSP/vl53l0x/vl53l0x_api_core.o
                0x00000000080054ac                get_sequence_step_timeout
 .text.set_sequence_step_timeout
                0x000000000800566e      0x1e4 Drivers/BSP/vl53l0x/vl53l0x_api_core.o
                0x000000000800566e                set_sequence_step_timeout
 .text.VL53L0X_get_vcsel_pulse_period
                0x0000000008005852       0x6e Drivers/BSP/vl53l0x/vl53l0x_api_core.o
                0x0000000008005852                VL53L0X_get_vcsel_pulse_period
 .text.VL53L0X_set_measurement_timing_budget_micro_seconds
                0x00000000080058c0      0x264 Drivers/BSP/vl53l0x/vl53l0x_api_core.o
                0x00000000080058c0                VL53L0X_set_measurement_timing_budget_micro_seconds
 .text.VL53L0X_get_measurement_timing_budget_micro_seconds
                0x0000000008005b24      0x1e0 Drivers/BSP/vl53l0x/vl53l0x_api_core.o
                0x0000000008005b24                VL53L0X_get_measurement_timing_budget_micro_seconds
 .text.VL53L0X_load_tuning_settings
                0x0000000008005d04      0x21c Drivers/BSP/vl53l0x/vl53l0x_api_core.o
                0x0000000008005d04                VL53L0X_load_tuning_settings
 .text.VL53L0X_get_total_xtalk_rate
                0x0000000008005f20       0x5e Drivers/BSP/vl53l0x/vl53l0x_api_core.o
                0x0000000008005f20                VL53L0X_get_total_xtalk_rate
 *fill*         0x0000000008005f7e        0x2 
 .text.VL53L0X_get_total_signal_rate
                0x0000000008005f80       0x78 Drivers/BSP/vl53l0x/vl53l0x_api_core.o
                0x0000000008005f80                VL53L0X_get_total_signal_rate
 .text.VL53L0X_calc_dmax
                0x0000000008005ff8      0x2a0 Drivers/BSP/vl53l0x/vl53l0x_api_core.o
                0x0000000008005ff8                VL53L0X_calc_dmax
 .text.VL53L0X_calc_sigma_estimate
                0x0000000008006298      0x52c Drivers/BSP/vl53l0x/vl53l0x_api_core.o
                0x0000000008006298                VL53L0X_calc_sigma_estimate
 .text.VL53L0X_get_pal_range_status
                0x00000000080067c4      0x418 Drivers/BSP/vl53l0x/vl53l0x_api_core.o
                0x00000000080067c4                VL53L0X_get_pal_range_status
 .text.VL53L0X_trace_config
                0x0000000008006bdc       0x40 Drivers/BSP/vl53l0x/vl53l0x_platform_log.o
                0x0000000008006bdc                VL53L0X_trace_config
 .text.trace_print_module_function
                0x0000000008006c1c       0x58 Drivers/BSP/vl53l0x/vl53l0x_platform_log.o
                0x0000000008006c1c                trace_print_module_function
 .text.SystemInit
                0x0000000008006c74       0x6c Drivers/CMSIS/system_stm32f4xx.o
                0x0000000008006c74                SystemInit
 .text.HAL_Init
                0x0000000008006ce0       0x44 Drivers/STM32F4xx_HAL_Driver/stm32f4xx_hal.o
                0x0000000008006ce0                HAL_Init
 .text.HAL_InitTick
                0x0000000008006d24       0x38 Drivers/STM32F4xx_HAL_Driver/stm32f4xx_hal.o
                0x0000000008006d24                HAL_InitTick
 .text.HAL_IncTick
                0x0000000008006d5c       0x1c Drivers/STM32F4xx_HAL_Driver/stm32f4xx_hal.o
                0x0000000008006d5c                HAL_IncTick
 .text.HAL_GetTick
                0x0000000008006d78       0x18 Drivers/STM32F4xx_HAL_Driver/stm32f4xx_hal.o
                0x0000000008006d78                HAL_GetTick
 .text.HAL_Delay
                0x0000000008006d90       0x2c Drivers/STM32F4xx_HAL_Driver/stm32f4xx_hal.o
                0x0000000008006d90                HAL_Delay
 .text.NVIC_SetPriorityGrouping
                0x0000000008006dbc       0x48 Drivers/STM32F4xx_HAL_Driver/stm32f4xx_hal_cortex.o
 .text.NVIC_GetPriorityGrouping
                0x0000000008006e04       0x1c Drivers/STM32F4xx_HAL_Driver/stm32f4xx_hal_cortex.o
 .text.NVIC_EnableIRQ
                0x0000000008006e20       0x34 Drivers/STM32F4xx_HAL_Driver/stm32f4xx_hal_cortex.o
 .text.NVIC_SetPriority
                0x0000000008006e54       0x54 Drivers/STM32F4xx_HAL_Driver/stm32f4xx_hal_cortex.o
 .text.NVIC_EncodePriority
                0x0000000008006ea8       0x66 Drivers/STM32F4xx_HAL_Driver/stm32f4xx_hal_cortex.o
 *fill*         0x0000000008006f0e        0x2 
 .text.SysTick_Config
                0x0000000008006f10       0x44 Drivers/STM32F4xx_HAL_Driver/stm32f4xx_hal_cortex.o
 .text.HAL_NVIC_SetPriorityGrouping
                0x0000000008006f54       0x16 Drivers/STM32F4xx_HAL_Driver/stm32f4xx_hal_cortex.o
                0x0000000008006f54                HAL_NVIC_SetPriorityGrouping
 .text.HAL_NVIC_SetPriority
                0x0000000008006f6a       0x38 Drivers/STM32F4xx_HAL_Driver/stm32f4xx_hal_cortex.o
                0x0000000008006f6a                HAL_NVIC_SetPriority
 .text.HAL_NVIC_EnableIRQ
                0x0000000008006fa2       0x1c Drivers/STM32F4xx_HAL_Driver/stm32f4xx_hal_cortex.o
                0x0000000008006fa2                HAL_NVIC_EnableIRQ
 .text.HAL_SYSTICK_Config
                0x0000000008006fbe       0x18 Drivers/STM32F4xx_HAL_Driver/stm32f4xx_hal_cortex.o
                0x0000000008006fbe                HAL_SYSTICK_Config
 .text.HAL_SYSTICK_IRQHandler
                0x0000000008006fd6        0xc Drivers/STM32F4xx_HAL_Driver/stm32f4xx_hal_cortex.o
                0x0000000008006fd6                HAL_SYSTICK_IRQHandler
 .text.HAL_SYSTICK_Callback
                0x0000000008006fe2        0xe Drivers/STM32F4xx_HAL_Driver/stm32f4xx_hal_cortex.o
                0x0000000008006fe2                HAL_SYSTICK_Callback
 .text.HAL_DMA_Init
                0x0000000008006ff0      0x154 Drivers/STM32F4xx_HAL_Driver/stm32f4xx_hal_dma.o
                0x0000000008006ff0                HAL_DMA_Init
 .text.HAL_DMA_Start_IT
                0x0000000008007144       0xc0 Drivers/STM32F4xx_HAL_Driver/stm32f4xx_hal_dma.o
                0x0000000008007144                HAL_DMA_Start_IT
 .text.HAL_DMA_Abort_IT
                0x0000000008007204       0x44 Drivers/STM32F4xx_HAL_Driver/stm32f4xx_hal_dma.o
                0x0000000008007204                HAL_DMA_Abort_IT
 .text.HAL_DMA_IRQHandler
                0x0000000008007248      0x320 Drivers/STM32F4xx_HAL_Driver/stm32f4xx_hal_dma.o
                0x0000000008007248                HAL_DMA_IRQHandler
 .text.DMA_SetConfig
                0x0000000008007568       0x5c Drivers/STM32F4xx_HAL_Driver/stm32f4xx_hal_dma.o
 .text.DMA_CalcBaseAndBitshift
                0x00000000080075c4       0x6c Drivers/STM32F4xx_HAL_Driver/stm32f4xx_hal_dma.o
 .text.DMA_CheckFifoParam
                0x0000000008007630      0x114 Drivers/STM32F4xx_HAL_Driver/stm32f4xx_hal_dma.o
 .text.HAL_GPIO_Init
                0x0000000008007744      0x304 Drivers/STM32F4xx_HAL_Driver/stm32f4xx_hal_gpio.o
                0x0000000008007744                HAL_GPIO_Init
 .text.HAL_GPIO_ReadPin
                0x0000000008007a48       0x30 Drivers/STM32F4xx_HAL_Driver/stm32f4xx_hal_gpio.o
                0x0000000008007a48                HAL_GPIO_ReadPin
 .text.HAL_GPIO_WritePin
                0x0000000008007a78       0x32 Drivers/STM32F4xx_HAL_Driver/stm32f4xx_hal_gpio.o
                0x0000000008007a78                HAL_GPIO_WritePin
 *fill*         0x0000000008007aaa        0x2 
 .text.HAL_GPIO_EXTI_IRQHandler
                0x0000000008007aac       0x30 Drivers/STM32F4xx_HAL_Driver/stm32f4xx_hal_gpio.o
                0x0000000008007aac                HAL_GPIO_EXTI_IRQHandler
 .text.HAL_I2C_Init
                0x0000000008007adc      0x1c0 Drivers/STM32F4xx_HAL_Driver/stm32f4xx_hal_i2c.o
                0x0000000008007adc                HAL_I2C_Init
 .text.HAL_I2C_MspInit
                0x0000000008007c9c       0x14 Drivers/STM32F4xx_HAL_Driver/stm32f4xx_hal_i2c.o
                0x0000000008007c9c                HAL_I2C_MspInit
 .text.HAL_I2C_Master_Transmit
                0x0000000008007cb0      0x218 Drivers/STM32F4xx_HAL_Driver/stm32f4xx_hal_i2c.o
                0x0000000008007cb0                HAL_I2C_Master_Transmit
 .text.HAL_I2C_Master_Receive
                0x0000000008007ec8      0x464 Drivers/STM32F4xx_HAL_Driver/stm32f4xx_hal_i2c.o
                0x0000000008007ec8                HAL_I2C_Master_Receive
 .text.I2C_MasterRequestWrite
                0x000000000800832c      0x104 Drivers/STM32F4xx_HAL_Driver/stm32f4xx_hal_i2c.o
 .text.I2C_MasterRequestRead
                0x0000000008008430      0x190 Drivers/STM32F4xx_HAL_Driver/stm32f4xx_hal_i2c.o
 .text.I2C_WaitOnFlagUntilTimeout
                0x00000000080085c0       0xa2 Drivers/STM32F4xx_HAL_Driver/stm32f4xx_hal_i2c.o
 .text.I2C_WaitOnMasterAddressFlagUntilTimeout
                0x0000000008008662       0xdc Drivers/STM32F4xx_HAL_Driver/stm32f4xx_hal_i2c.o
 .text.I2C_WaitOnTXEFlagUntilTimeout
                0x000000000800873e       0x7a Drivers/STM32F4xx_HAL_Driver/stm32f4xx_hal_i2c.o
 .text.I2C_WaitOnBTFFlagUntilTimeout
                0x00000000080087b8       0x7a Drivers/STM32F4xx_HAL_Driver/stm32f4xx_hal_i2c.o
 .text.I2C_WaitOnRXNEFlagUntilTimeout
                0x0000000008008832       0x94 Drivers/STM32F4xx_HAL_Driver/stm32f4xx_hal_i2c.o
 .text.I2C_IsAcknowledgeFailed
                0x00000000080088c6       0x50 Drivers/STM32F4xx_HAL_Driver/stm32f4xx_hal_i2c.o
 *fill*         0x0000000008008916        0x2 
 .text.HAL_RCC_OscConfig
                0x0000000008008918      0x428 Drivers/STM32F4xx_HAL_Driver/stm32f4xx_hal_rcc.o
                0x0000000008008918                HAL_RCC_OscConfig
 .text.HAL_RCC_ClockConfig
                0x0000000008008d40      0x224 Drivers/STM32F4xx_HAL_Driver/stm32f4xx_hal_rcc.o
                0x0000000008008d40                HAL_RCC_ClockConfig
 .text.HAL_RCC_GetSysClockFreq
                0x0000000008008f64       0xfc Drivers/STM32F4xx_HAL_Driver/stm32f4xx_hal_rcc.o
                0x0000000008008f64                HAL_RCC_GetSysClockFreq
 .text.HAL_RCC_GetHCLKFreq
                0x0000000008009060       0x18 Drivers/STM32F4xx_HAL_Driver/stm32f4xx_hal_rcc.o
                0x0000000008009060                HAL_RCC_GetHCLKFreq
 .text.HAL_RCC_GetPCLK1Freq
                0x0000000008009078       0x44 Drivers/STM32F4xx_HAL_Driver/stm32f4xx_hal_rcc.o
                0x0000000008009078                HAL_RCC_GetPCLK1Freq
 .text.HAL_RCC_GetPCLK2Freq
                0x00000000080090bc       0x44 Drivers/STM32F4xx_HAL_Driver/stm32f4xx_hal_rcc.o
                0x00000000080090bc                HAL_RCC_GetPCLK2Freq
 .text.HAL_TIM_Base_Start
                0x0000000008009100       0x36 Drivers/STM32F4xx_HAL_Driver/stm32f4xx_hal_tim.o
                0x0000000008009100                HAL_TIM_Base_Start
 .text.HAL_TIM_OC_Init
                0x0000000008009136       0x56 Drivers/STM32F4xx_HAL_Driver/stm32f4xx_hal_tim.o
                0x0000000008009136                HAL_TIM_OC_Init
 .text.HAL_TIM_OC_ConfigChannel
                0x000000000800918c       0xc0 Drivers/STM32F4xx_HAL_Driver/stm32f4xx_hal_tim.o
                0x000000000800918c                HAL_TIM_OC_ConfigChannel
 .text.TIM_Base_SetConfig
                0x000000000800924c      0x108 Drivers/STM32F4xx_HAL_Driver/stm32f4xx_hal_tim.o
                0x000000000800924c                TIM_Base_SetConfig
 .text.TIM_OC2_SetConfig
                0x0000000008009354       0xdc Drivers/STM32F4xx_HAL_Driver/stm32f4xx_hal_tim.o
                0x0000000008009354                TIM_OC2_SetConfig
 .text.TIM_OC1_SetConfig
                0x0000000008009430       0xd0 Drivers/STM32F4xx_HAL_Driver/stm32f4xx_hal_tim.o
 .text.TIM_OC3_SetConfig
                0x0000000008009500       0xd8 Drivers/STM32F4xx_HAL_Driver/stm32f4xx_hal_tim.o
 .text.TIM_OC4_SetConfig
                0x00000000080095d8       0xac Drivers/STM32F4xx_HAL_Driver/stm32f4xx_hal_tim.o
 .text.HAL_TIMEx_MasterConfigSynchronization
                0x0000000008009684       0x8a Drivers/STM32F4xx_HAL_Driver/stm32f4xx_hal_tim_ex.o
                0x0000000008009684                HAL_TIMEx_MasterConfigSynchronization
 .text.HAL_UART_Init
                0x000000000800970e       0x9a Drivers/STM32F4xx_HAL_Driver/stm32f4xx_hal_uart.o
                0x000000000800970e                HAL_UART_Init
 .text.HAL_UART_Transmit_DMA
                0x00000000080097a8       0xd8 Drivers/STM32F4xx_HAL_Driver/stm32f4xx_hal_uart.o
                0x00000000080097a8                HAL_UART_Transmit_DMA
 .text.HAL_UART_IRQHandler
                0x0000000008009880      0x1f8 Drivers/STM32F4xx_HAL_Driver/stm32f4xx_hal_uart.o
                0x0000000008009880                HAL_UART_IRQHandler
 .text.HAL_UART_TxHalfCpltCallback
                0x0000000008009a78       0x14 Drivers/STM32F4xx_HAL_Driver/stm32f4xx_hal_uart.o
                0x0000000008009a78                HAL_UART_TxHalfCpltCallback
 .text.HAL_UART_RxCpltCallback
                0x0000000008009a8c       0x14 Drivers/STM32F4xx_HAL_Driver/stm32f4xx_hal_uart.o
                0x0000000008009a8c                HAL_UART_RxCpltCallback
 .text.HAL_UART_ErrorCallback
                0x0000000008009aa0       0x14 Drivers/STM32F4xx_HAL_Driver/stm32f4xx_hal_uart.o
                0x0000000008009aa0                HAL_UART_ErrorCallback
 .text.UART_DMATransmitCplt
                0x0000000008009ab4       0x52 Drivers/STM32F4xx_HAL_Driver/stm32f4xx_hal_uart.o
 .text.UART_DMATxHalfCplt
                0x0000000008009b06       0x1c Drivers/STM32F4xx_HAL_Driver/stm32f4xx_hal_uart.o
 .text.UART_DMAError
                0x0000000008009b22       0x94 Drivers/STM32F4xx_HAL_Driver/stm32f4xx_hal_uart.o
 .text.UART_EndTxTransfer
                0x0000000008009bb6       0x2c Drivers/STM32F4xx_HAL_Driver/stm32f4xx_hal_uart.o
 .text.UART_EndRxTransfer
                0x0000000008009be2       0x3c Drivers/STM32F4xx_HAL_Driver/stm32f4xx_hal_uart.o
 .text.UART_DMAAbortOnError
                0x0000000008009c1e       0x28 Drivers/STM32F4xx_HAL_Driver/stm32f4xx_hal_uart.o
 .text.UART_Transmit_IT
                0x0000000008009c46       0xac Drivers/STM32F4xx_HAL_Driver/stm32f4xx_hal_uart.o
 .text.UART_EndTransmit_IT
                0x0000000008009cf2       0x30 Drivers/STM32F4xx_HAL_Driver/stm32f4xx_hal_uart.o
 .text.UART_Receive_IT
                0x0000000008009d22       0xf2 Drivers/STM32F4xx_HAL_Driver/stm32f4xx_hal_uart.o
 .text.UART_SetConfig
                0x0000000008009e14      0x438 Drivers/STM32F4xx_HAL_Driver/stm32f4xx_hal_uart.o
 .text._sbrk    0x000000000800a24c       0x58 startup/sysmem.o
                0x000000000800a24c                _sbrk
 .text.__errno  0x000000000800a2a4        0xc z:/software/st/stm32cubeide_1.0.1/stm32cubeide/plugins/com.st.stm32cube.ide.mcu.externaltools.gnu-tools-for-stm32.7-2018-q2-update.win32_1.0.0.201904181610/tools/bin/../lib/gcc/arm-none-eabi/7.3.1/../../../../arm-none-eabi/lib/thumb/v7e-m/fpv4-sp/hard\libc_nano.a(lib_a-errno.o)
                0x000000000800a2a4                __errno
 .text.__libc_init_array
                0x000000000800a2b0       0x48 z:/software/st/stm32cubeide_1.0.1/stm32cubeide/plugins/com.st.stm32cube.ide.mcu.externaltools.gnu-tools-for-stm32.7-2018-q2-update.win32_1.0.0.201904181610/tools/bin/../lib/gcc/arm-none-eabi/7.3.1/../../../../arm-none-eabi/lib/thumb/v7e-m/fpv4-sp/hard\libc_nano.a(lib_a-init.o)
                0x000000000800a2b0                __libc_init_array
 .text.memcpy   0x000000000800a2f8       0x16 z:/software/st/stm32cubeide_1.0.1/stm32cubeide/plugins/com.st.stm32cube.ide.mcu.externaltools.gnu-tools-for-stm32.7-2018-q2-update.win32_1.0.0.201904181610/tools/bin/../lib/gcc/arm-none-eabi/7.3.1/../../../../arm-none-eabi/lib/thumb/v7e-m/fpv4-sp/hard\libc_nano.a(lib_a-memcpy-stub.o)
                0x000000000800a2f8                memcpy
 .text.memset   0x000000000800a30e       0x10 z:/software/st/stm32cubeide_1.0.1/stm32cubeide/plugins/com.st.stm32cube.ide.mcu.externaltools.gnu-tools-for-stm32.7-2018-q2-update.win32_1.0.0.201904181610/tools/bin/../lib/gcc/arm-none-eabi/7.3.1/../../../../arm-none-eabi/lib/thumb/v7e-m/fpv4-sp/hard\libc_nano.a(lib_a-memset.o)
                0x000000000800a30e                memset
 *fill*         0x000000000800a31e        0x2 
 .text.sprintf  0x000000000800a320       0x40 z:/software/st/stm32cubeide_1.0.1/stm32cubeide/plugins/com.st.stm32cube.ide.mcu.externaltools.gnu-tools-for-stm32.7-2018-q2-update.win32_1.0.0.201904181610/tools/bin/../lib/gcc/arm-none-eabi/7.3.1/../../../../arm-none-eabi/lib/thumb/v7e-m/fpv4-sp/hard\libc_nano.a(lib_a-sprintf.o)
                0x000000000800a320                siprintf
                0x000000000800a320                sprintf
 .text.strcpy   0x000000000800a360       0x10 z:/software/st/stm32cubeide_1.0.1/stm32cubeide/plugins/com.st.stm32cube.ide.mcu.externaltools.gnu-tools-for-stm32.7-2018-q2-update.win32_1.0.0.201904181610/tools/bin/../lib/gcc/arm-none-eabi/7.3.1/../../../../arm-none-eabi/lib/thumb/v7e-m/fpv4-sp/hard\libc_nano.a(lib_a-strcpy.o)
                0x000000000800a360                strcpy
 .text._vsnprintf_r
                0x000000000800a370       0x58 z:/software/st/stm32cubeide_1.0.1/stm32cubeide/plugins/com.st.stm32cube.ide.mcu.externaltools.gnu-tools-for-stm32.7-2018-q2-update.win32_1.0.0.201904181610/tools/bin/../lib/gcc/arm-none-eabi/7.3.1/../../../../arm-none-eabi/lib/thumb/v7e-m/fpv4-sp/hard\libc_nano.a(lib_a-vsnprintf.o)
                0x000000000800a370                _vsniprintf_r
                0x000000000800a370                _vsnprintf_r
 .text.vsnprintf
                0x000000000800a3c8       0x1c z:/software/st/stm32cubeide_1.0.1/stm32cubeide/plugins/com.st.stm32cube.ide.mcu.externaltools.gnu-tools-for-stm32.7-2018-q2-update.win32_1.0.0.201904181610/tools/bin/../lib/gcc/arm-none-eabi/7.3.1/../../../../arm-none-eabi/lib/thumb/v7e-m/fpv4-sp/hard\libc_nano.a(lib_a-vsnprintf.o)
                0x000000000800a3c8                vsniprintf
                0x000000000800a3c8                vsnprintf
 .text.__ssputs_r
                0x000000000800a3e4       0xb4 z:/software/st/stm32cubeide_1.0.1/stm32cubeide/plugins/com.st.stm32cube.ide.mcu.externaltools.gnu-tools-for-stm32.7-2018-q2-update.win32_1.0.0.201904181610/tools/bin/../lib/gcc/arm-none-eabi/7.3.1/../../../../arm-none-eabi/lib/thumb/v7e-m/fpv4-sp/hard\libc_nano.a(lib_a-nano-svfprintf.o)
                0x000000000800a3e4                __ssputs_r
 .text._svfprintf_r
                0x000000000800a498      0x1f0 z:/software/st/stm32cubeide_1.0.1/stm32cubeide/plugins/com.st.stm32cube.ide.mcu.externaltools.gnu-tools-for-stm32.7-2018-q2-update.win32_1.0.0.201904181610/tools/bin/../lib/gcc/arm-none-eabi/7.3.1/../../../../arm-none-eabi/lib/thumb/v7e-m/fpv4-sp/hard\libc_nano.a(lib_a-nano-svfprintf.o)
                0x000000000800a498                _svfiprintf_r
                0x000000000800a498                _svfprintf_r
 .text._printf_common
                0x000000000800a688       0xea z:/software/st/stm32cubeide_1.0.1/stm32cubeide/plugins/com.st.stm32cube.ide.mcu.externaltools.gnu-tools-for-stm32.7-2018-q2-update.win32_1.0.0.201904181610/tools/bin/../lib/gcc/arm-none-eabi/7.3.1/../../../../arm-none-eabi/lib/thumb/v7e-m/fpv4-sp/hard\libc_nano.a(lib_a-nano-vfprintf_i.o)
                0x000000000800a688                _printf_common
 *fill*         0x000000000800a772        0x2 
 .text._printf_i
                0x000000000800a774      0x224 z:/software/st/stm32cubeide_1.0.1/stm32cubeide/plugins/com.st.stm32cube.ide.mcu.externaltools.gnu-tools-for-stm32.7-2018-q2-update.win32_1.0.0.201904181610/tools/bin/../lib/gcc/arm-none-eabi/7.3.1/../../../../arm-none-eabi/lib/thumb/v7e-m/fpv4-sp/hard\libc_nano.a(lib_a-nano-vfprintf_i.o)
                0x000000000800a774                _printf_i
 .text.memmove  0x000000000800a998       0x32 z:/software/st/stm32cubeide_1.0.1/stm32cubeide/plugins/com.st.stm32cube.ide.mcu.externaltools.gnu-tools-for-stm32.7-2018-q2-update.win32_1.0.0.201904181610/tools/bin/../lib/gcc/arm-none-eabi/7.3.1/../../../../arm-none-eabi/lib/thumb/v7e-m/fpv4-sp/hard\libc_nano.a(lib_a-memmove.o)
                0x000000000800a998                memmove
 *fill*         0x000000000800a9ca        0x2 
 .text._free_r  0x000000000800a9cc       0x9c z:/software/st/stm32cubeide_1.0.1/stm32cubeide/plugins/com.st.stm32cube.ide.mcu.externaltools.gnu-tools-for-stm32.7-2018-q2-update.win32_1.0.0.201904181610/tools/bin/../lib/gcc/arm-none-eabi/7.3.1/../../../../arm-none-eabi/lib/thumb/v7e-m/fpv4-sp/hard\libc_nano.a(lib_a-nano-freer.o)
                0x000000000800a9cc                _free_r
 .text._malloc_r
                0x000000000800aa68       0xb4 z:/software/st/stm32cubeide_1.0.1/stm32cubeide/plugins/com.st.stm32cube.ide.mcu.externaltools.gnu-tools-for-stm32.7-2018-q2-update.win32_1.0.0.201904181610/tools/bin/../lib/gcc/arm-none-eabi/7.3.1/../../../../arm-none-eabi/lib/thumb/v7e-m/fpv4-sp/hard\libc_nano.a(lib_a-nano-mallocr.o)
                0x000000000800aa68                _malloc_r
 .text._realloc_r
                0x000000000800ab1c       0x4c z:/software/st/stm32cubeide_1.0.1/stm32cubeide/plugins/com.st.stm32cube.ide.mcu.externaltools.gnu-tools-for-stm32.7-2018-q2-update.win32_1.0.0.201904181610/tools/bin/../lib/gcc/arm-none-eabi/7.3.1/../../../../arm-none-eabi/lib/thumb/v7e-m/fpv4-sp/hard\libc_nano.a(lib_a-nano-reallocr.o)
                0x000000000800ab1c                _realloc_r
 .text._sbrk_r  0x000000000800ab68       0x20 z:/software/st/stm32cubeide_1.0.1/stm32cubeide/plugins/com.st.stm32cube.ide.mcu.externaltools.gnu-tools-for-stm32.7-2018-q2-update.win32_1.0.0.201904181610/tools/bin/../lib/gcc/arm-none-eabi/7.3.1/../../../../arm-none-eabi/lib/thumb/v7e-m/fpv4-sp/hard\libc_nano.a(lib_a-sbrkr.o)
                0x000000000800ab68                _sbrk_r
 .text.__malloc_lock
                0x000000000800ab88        0x2 z:/software/st/stm32cubeide_1.0.1/stm32cubeide/plugins/com.st.stm32cube.ide.mcu.externaltools.gnu-tools-for-stm32.7-2018-q2-update.win32_1.0.0.201904181610/tools/bin/../lib/gcc/arm-none-eabi/7.3.1/../../../../arm-none-eabi/lib/thumb/v7e-m/fpv4-sp/hard\libc_nano.a(lib_a-mlock.o)
                0x000000000800ab88                __malloc_lock
 .text.__malloc_unlock
                0x000000000800ab8a        0x2 z:/software/st/stm32cubeide_1.0.1/stm32cubeide/plugins/com.st.stm32cube.ide.mcu.externaltools.gnu-tools-for-stm32.7-2018-q2-update.win32_1.0.0.201904181610/tools/bin/../lib/gcc/arm-none-eabi/7.3.1/../../../../arm-none-eabi/lib/thumb/v7e-m/fpv4-sp/hard\libc_nano.a(lib_a-mlock.o)
                0x000000000800ab8a                __malloc_unlock
 .text._malloc_usable_size_r
                0x000000000800ab8c       0x10 z:/software/st/stm32cubeide_1.0.1/stm32cubeide/plugins/com.st.stm32cube.ide.mcu.externaltools.gnu-tools-for-stm32.7-2018-q2-update.win32_1.0.0.201904181610/tools/bin/../lib/gcc/arm-none-eabi/7.3.1/../../../../arm-none-eabi/lib/thumb/v7e-m/fpv4-sp/hard\libc_nano.a(lib_a-nano-msizer.o)
                0x000000000800ab8c                _malloc_usable_size_r
 *(.glue_7)
 .glue_7        0x000000000800ab9c        0x0 linker stubs
 *(.glue_7t)
 .glue_7t       0x000000000800ab9c        0x0 linker stubs
 *(.eh_frame)
 .eh_frame      0x000000000800ab9c        0x0 z:/software/st/stm32cubeide_1.0.1/stm32cubeide/plugins/com.st.stm32cube.ide.mcu.externaltools.gnu-tools-for-stm32.7-2018-q2-update.win32_1.0.0.201904181610/tools/bin/../lib/gcc/arm-none-eabi/7.3.1/thumb/v7e-m/fpv4-sp/hard/crtbegin.o
 *(.init)
 .init          0x000000000800ab9c        0x4 z:/software/st/stm32cubeide_1.0.1/stm32cubeide/plugins/com.st.stm32cube.ide.mcu.externaltools.gnu-tools-for-stm32.7-2018-q2-update.win32_1.0.0.201904181610/tools/bin/../lib/gcc/arm-none-eabi/7.3.1/thumb/v7e-m/fpv4-sp/hard/crti.o
                0x000000000800ab9c                _init
 .init          0x000000000800aba0        0x8 z:/software/st/stm32cubeide_1.0.1/stm32cubeide/plugins/com.st.stm32cube.ide.mcu.externaltools.gnu-tools-for-stm32.7-2018-q2-update.win32_1.0.0.201904181610/tools/bin/../lib/gcc/arm-none-eabi/7.3.1/thumb/v7e-m/fpv4-sp/hard/crtn.o
 *(.fini)
 .fini          0x000000000800aba8        0x4 z:/software/st/stm32cubeide_1.0.1/stm32cubeide/plugins/com.st.stm32cube.ide.mcu.externaltools.gnu-tools-for-stm32.7-2018-q2-update.win32_1.0.0.201904181610/tools/bin/../lib/gcc/arm-none-eabi/7.3.1/thumb/v7e-m/fpv4-sp/hard/crti.o
                0x000000000800aba8                _fini
 .fini          0x000000000800abac        0x8 z:/software/st/stm32cubeide_1.0.1/stm32cubeide/plugins/com.st.stm32cube.ide.mcu.externaltools.gnu-tools-for-stm32.7-2018-q2-update.win32_1.0.0.201904181610/tools/bin/../lib/gcc/arm-none-eabi/7.3.1/thumb/v7e-m/fpv4-sp/hard/crtn.o
                0x000000000800abb4                . = ALIGN (0x4)
                0x000000000800abb4                _etext = .

.vfp11_veneer   0x000000000800abb4        0x0
 .vfp11_veneer  0x000000000800abb4        0x0 linker stubs

.v4_bx          0x000000000800abb4        0x0
 .v4_bx         0x000000000800abb4        0x0 linker stubs

.iplt           0x000000000800abb4        0x0
 .iplt          0x000000000800abb4        0x0 z:/software/st/stm32cubeide_1.0.1/stm32cubeide/plugins/com.st.stm32cube.ide.mcu.externaltools.gnu-tools-for-stm32.7-2018-q2-update.win32_1.0.0.201904181610/tools/bin/../lib/gcc/arm-none-eabi/7.3.1/thumb/v7e-m/fpv4-sp/hard/crtbegin.o

.rodata         0x000000000800abb4     0x12d0
                0x000000000800abb4                . = ALIGN (0x4)
 *(.rodata)
 .rodata        0x000000000800abb4      0x1f9 Application/User/main.o
 *fill*         0x000000000800adad        0x3 
 .rodata        0x000000000800adb0      0x297 Drivers/BSP/X-NUCLEO-53L0A1/X-NUCLEO-53L0A1.o
 *fill*         0x000000000800b047        0x1 
 .rodata        0x000000000800b048      0xc49 Drivers/BSP/vl53l0x/vl53l0x_api.o
 *fill*         0x000000000800bc91        0x3 
 .rodata        0x000000000800bc94      0x1a1 Drivers/BSP/vl53l0x/vl53l0x_api_core.o
 *fill*         0x000000000800be35        0x3 
 .rodata        0x000000000800be38        0x8 Drivers/STM32F4xx_HAL_Driver/stm32f4xx_hal_dma.o
 .rodata        0x000000000800be40       0x10 Drivers/STM32F4xx_HAL_Driver/stm32f4xx_hal_rcc.o
                0x000000000800be40                APBAHBPrescTable
 *(.rodata*)
 .rodata._svfprintf_r.str1.1
                0x000000000800be50       0x11 z:/software/st/stm32cubeide_1.0.1/stm32cubeide/plugins/com.st.stm32cube.ide.mcu.externaltools.gnu-tools-for-stm32.7-2018-q2-update.win32_1.0.0.201904181610/tools/bin/../lib/gcc/arm-none-eabi/7.3.1/../../../../arm-none-eabi/lib/thumb/v7e-m/fpv4-sp/hard\libc_nano.a(lib_a-nano-svfprintf.o)
 .rodata._printf_i.str1.1
                0x000000000800be61       0x22 z:/software/st/stm32cubeide_1.0.1/stm32cubeide/plugins/com.st.stm32cube.ide.mcu.externaltools.gnu-tools-for-stm32.7-2018-q2-update.win32_1.0.0.201904181610/tools/bin/../lib/gcc/arm-none-eabi/7.3.1/../../../../arm-none-eabi/lib/thumb/v7e-m/fpv4-sp/hard\libc_nano.a(lib_a-nano-vfprintf_i.o)
                0x000000000800be84                . = ALIGN (0x4)
 *fill*         0x000000000800be83        0x1 

.rel.dyn        0x000000000800be84        0x0
 .rel.iplt      0x000000000800be84        0x0 z:/software/st/stm32cubeide_1.0.1/stm32cubeide/plugins/com.st.stm32cube.ide.mcu.externaltools.gnu-tools-for-stm32.7-2018-q2-update.win32_1.0.0.201904181610/tools/bin/../lib/gcc/arm-none-eabi/7.3.1/thumb/v7e-m/fpv4-sp/hard/crtbegin.o

.ARM.extab
 *(.ARM.extab* .gnu.linkonce.armextab.*)

.ARM            0x000000000800be84        0x0
                0x000000000800be84                __exidx_start = .
 *(.ARM.exidx*)
                0x000000000800be84                __exidx_end = .

.preinit_array  0x000000000800be84        0x0
                0x000000000800be84                PROVIDE (__preinit_array_start = .)
 *(.preinit_array*)
                0x000000000800be84                PROVIDE (__preinit_array_end = .)

.init_array     0x000000000800be84        0x4
                0x000000000800be84                PROVIDE (__init_array_start = .)
 *(SORT_BY_NAME(.init_array.*))
 *(.init_array*)
 .init_array    0x000000000800be84        0x4 z:/software/st/stm32cubeide_1.0.1/stm32cubeide/plugins/com.st.stm32cube.ide.mcu.externaltools.gnu-tools-for-stm32.7-2018-q2-update.win32_1.0.0.201904181610/tools/bin/../lib/gcc/arm-none-eabi/7.3.1/thumb/v7e-m/fpv4-sp/hard/crtbegin.o
                0x000000000800be88                PROVIDE (__init_array_end = .)

.fini_array     0x000000000800be88        0x4
                [!provide]                        PROVIDE (__fini_array_start = .)
 *(SORT_BY_NAME(.fini_array.*))
 *(.fini_array*)
 .fini_array    0x000000000800be88        0x4 z:/software/st/stm32cubeide_1.0.1/stm32cubeide/plugins/com.st.stm32cube.ide.mcu.externaltools.gnu-tools-for-stm32.7-2018-q2-update.win32_1.0.0.201904181610/tools/bin/../lib/gcc/arm-none-eabi/7.3.1/thumb/v7e-m/fpv4-sp/hard/crtbegin.o
                [!provide]                        PROVIDE (__fini_array_end = .)
                0x000000000800be8c                _sidata = LOADADDR (.data)

.data           0x0000000020000000      0x4b8 load address 0x000000000800be8c
                0x0000000020000000                . = ALIGN (0x4)
                0x0000000020000000                _sdata = .
 *(.data)
 .data          0x0000000020000000      0x190 Application/User/main.o
                0x0000000020000000                VL53L0XDevs
 .data          0x0000000020000190      0x2aa Drivers/BSP/vl53l0x/vl53l0x_api.o
                0x0000000020000190                DefaultTuningSettings
                0x0000000020000284                InterruptThresholdSettings
 *fill*         0x000000002000043a        0x2 
 .data          0x000000002000043c       0x10 Drivers/BSP/vl53l0x/vl53l0x_api_calibration.o
                0x000000002000043c                refArrayQuadrants
 .data          0x000000002000044c        0x4 Drivers/BSP/vl53l0x/vl53l0x_platform_log.o
                0x000000002000044c                _trace_level
 .data          0x0000000020000450        0x4 Drivers/CMSIS/system_stm32f4xx.o
                0x0000000020000450                SystemCoreClock
 *(.data*)
 .data._impure_ptr
                0x0000000020000454        0x4 z:/software/st/stm32cubeide_1.0.1/stm32cubeide/plugins/com.st.stm32cube.ide.mcu.externaltools.gnu-tools-for-stm32.7-2018-q2-update.win32_1.0.0.201904181610/tools/bin/../lib/gcc/arm-none-eabi/7.3.1/../../../../arm-none-eabi/lib/thumb/v7e-m/fpv4-sp/hard\libc_nano.a(lib_a-impure.o)
                0x0000000020000454                _impure_ptr
 .data.impure_data
                0x0000000020000458       0x60 z:/software/st/stm32cubeide_1.0.1/stm32cubeide/plugins/com.st.stm32cube.ide.mcu.externaltools.gnu-tools-for-stm32.7-2018-q2-update.win32_1.0.0.201904181610/tools/bin/../lib/gcc/arm-none-eabi/7.3.1/../../../../arm-none-eabi/lib/thumb/v7e-m/fpv4-sp/hard\libc_nano.a(lib_a-impure.o)
                0x00000000200004b8                . = ALIGN (0x4)
                0x00000000200004b8                _edata = .

.igot.plt       0x00000000200004b8        0x0 load address 0x000000000800c344
 .igot.plt      0x00000000200004b8        0x0 z:/software/st/stm32cubeide_1.0.1/stm32cubeide/plugins/com.st.stm32cube.ide.mcu.externaltools.gnu-tools-for-stm32.7-2018-q2-update.win32_1.0.0.201904181610/tools/bin/../lib/gcc/arm-none-eabi/7.3.1/thumb/v7e-m/fpv4-sp/hard/crtbegin.o
                0x00000000200004b8                . = ALIGN (0x4)

.bss            0x00000000200004b8      0x2ec load address 0x000000000800c344
                0x00000000200004b8                _sbss = .
                0x00000000200004b8                __bss_start__ = _sbss
 *(.bss)
 .bss           0x00000000200004b8       0x1c z:/software/st/stm32cubeide_1.0.1/stm32cubeide/plugins/com.st.stm32cube.ide.mcu.externaltools.gnu-tools-for-stm32.7-2018-q2-update.win32_1.0.0.201904181610/tools/bin/../lib/gcc/arm-none-eabi/7.3.1/thumb/v7e-m/fpv4-sp/hard/crtbegin.o
 .bss           0x00000000200004d4        0x4 Application/User/main.o
                0x00000000200004d4                LeakyFactorFix8
 .bss           0x00000000200004d8        0x4 Drivers/BSP/X-NUCLEO-53L0A1/X-NUCLEO-53L0A1.o
 .bss           0x00000000200004dc      0x108 Drivers/BSP/X-NUCLEO-53L0A1/uart_trace.o
 .bss           0x00000000200005e4        0x8 Drivers/BSP/vl53l0x/vl53l0x_platform_log.o
                0x00000000200005e4                _trace_modules
                0x00000000200005e8                _trace_functions
 .bss           0x00000000200005ec        0x4 startup/sysmem.o
 *(.bss*)
 .bss.__malloc_free_list
                0x00000000200005f0        0x4 z:/software/st/stm32cubeide_1.0.1/stm32cubeide/plugins/com.st.stm32cube.ide.mcu.externaltools.gnu-tools-for-stm32.7-2018-q2-update.win32_1.0.0.201904181610/tools/bin/../lib/gcc/arm-none-eabi/7.3.1/../../../../arm-none-eabi/lib/thumb/v7e-m/fpv4-sp/hard\libc_nano.a(lib_a-nano-mallocr.o)
                0x00000000200005f0                __malloc_free_list
 .bss.__malloc_sbrk_start
                0x00000000200005f4        0x4 z:/software/st/stm32cubeide_1.0.1/stm32cubeide/plugins/com.st.stm32cube.ide.mcu.externaltools.gnu-tools-for-stm32.7-2018-q2-update.win32_1.0.0.201904181610/tools/bin/../lib/gcc/arm-none-eabi/7.3.1/../../../../arm-none-eabi/lib/thumb/v7e-m/fpv4-sp/hard\libc_nano.a(lib_a-nano-mallocr.o)
                0x00000000200005f4                __malloc_sbrk_start
 *(COMMON)
 COMMON         0x00000000200005f8       0x70 Application/User/main.o
                0x00000000200005f8                htim5
                0x0000000020000634                IntrCounts
                0x0000000020000640                LastIntrPin
                0x0000000020000644                LastIntrId
                0x0000000020000648                IntrCount
                0x000000002000064c                RangingMeasurementData
 COMMON         0x0000000020000668       0x54 Drivers/BSP/X-NUCLEO-53L0A1/X-NUCLEO-53L0A1.o
                0x0000000020000668                XNUCLEO53L0A1_hi2c
 COMMON         0x00000000200006bc       0xa0 Drivers/BSP/X-NUCLEO-53L0A1/vl53l0a1-x4msp.o
                0x00000000200006bc                hdma_usart2_tx
                0x000000002000071c                huart2
 COMMON         0x000000002000075c       0x40 Drivers/BSP/X-NUCLEO-53L0A1/vl53l0x_platform.o
                0x000000002000075c                _I2CBuffer
 COMMON         0x000000002000079c        0x4 Drivers/STM32F4xx_HAL_Driver/stm32f4xx_hal.o
                0x000000002000079c                uwTick
 COMMON         0x00000000200007a0        0x4 z:/software/st/stm32cubeide_1.0.1/stm32cubeide/plugins/com.st.stm32cube.ide.mcu.externaltools.gnu-tools-for-stm32.7-2018-q2-update.win32_1.0.0.201904181610/tools/bin/../lib/gcc/arm-none-eabi/7.3.1/../../../../arm-none-eabi/lib/thumb/v7e-m/fpv4-sp/hard\libc_nano.a(lib_a-reent.o)
                0x00000000200007a0                errno
                0x00000000200007a4                . = ALIGN (0x4)
                0x00000000200007a4                _ebss = .
                0x00000000200007a4                __bss_end__ = _ebss

._user_heap_stack
                0x00000000200007a4      0x604 load address 0x000000000800c344
                0x00000000200007a8                . = ALIGN (0x8)
 *fill*         0x00000000200007a4        0x4 
                0x00000000200007a8                PROVIDE (end = .)
                [!provide]                        PROVIDE (_end = .)
                0x00000000200009a8                . = (. + _Min_Heap_Size)
 *fill*         0x00000000200007a8      0x200 
                0x0000000020000da8                . = (. + _Min_Stack_Size)
 *fill*         0x00000000200009a8      0x400 
                0x0000000020000da8                . = ALIGN (0x8)

/DISCARD/
 libc.a(*)
 libm.a(*)
 libgcc.a(*)

.ARM.attributes
                0x0000000000000000       0x30
 *(.ARM.attributes)
 .ARM.attributes
                0x0000000000000000       0x22 z:/software/st/stm32cubeide_1.0.1/stm32cubeide/plugins/com.st.stm32cube.ide.mcu.externaltools.gnu-tools-for-stm32.7-2018-q2-update.win32_1.0.0.201904181610/tools/bin/../lib/gcc/arm-none-eabi/7.3.1/thumb/v7e-m/fpv4-sp/hard/crti.o
 .ARM.attributes
                0x0000000000000022       0x34 z:/software/st/stm32cubeide_1.0.1/stm32cubeide/plugins/com.st.stm32cube.ide.mcu.externaltools.gnu-tools-for-stm32.7-2018-q2-update.win32_1.0.0.201904181610/tools/bin/../lib/gcc/arm-none-eabi/7.3.1/thumb/v7e-m/fpv4-sp/hard/crtbegin.o
 .ARM.attributes
                0x0000000000000056       0x21 Application/SW4STM32/startup_stm32f401xe.o
 .ARM.attributes
                0x0000000000000077       0x39 Application/User/main.o
 .ARM.attributes
                0x00000000000000b0       0x39 Application/User/stm32f4xx_hal_msp.o
 .ARM.attributes
                0x00000000000000e9       0x39 Application/User/stm32f4xx_it.o
 .ARM.attributes
                0x0000000000000122       0x39 Drivers/BSP/X-NUCLEO-53L0A1/X-NUCLEO-53L0A1.o
 .ARM.attributes
                0x000000000000015b       0x39 Drivers/BSP/X-NUCLEO-53L0A1/uart_trace.o
 .ARM.attributes
                0x0000000000000194       0x39 Drivers/BSP/X-NUCLEO-53L0A1/vl53l0a1-x4msp.o
 .ARM.attributes
                0x00000000000001cd       0x39 Drivers/BSP/X-NUCLEO-53L0A1/vl53l0x_platform.o
 .ARM.attributes
                0x0000000000000206       0x39 Drivers/BSP/vl53l0x/vl53l0x_api.o
 .ARM.attributes
                0x000000000000023f       0x39 Drivers/BSP/vl53l0x/vl53l0x_api_calibration.o
 .ARM.attributes
                0x0000000000000278       0x39 Drivers/BSP/vl53l0x/vl53l0x_api_core.o
 .ARM.attributes
                0x00000000000002b1       0x39 Drivers/BSP/vl53l0x/vl53l0x_platform_log.o
 .ARM.attributes
                0x00000000000002ea       0x39 Drivers/CMSIS/system_stm32f4xx.o
 .ARM.attributes
                0x0000000000000323       0x39 Drivers/STM32F4xx_HAL_Driver/stm32f4xx_hal.o
 .ARM.attributes
                0x000000000000035c       0x39 Drivers/STM32F4xx_HAL_Driver/stm32f4xx_hal_cortex.o
 .ARM.attributes
                0x0000000000000395       0x39 Drivers/STM32F4xx_HAL_Driver/stm32f4xx_hal_dma.o
 .ARM.attributes
                0x00000000000003ce       0x39 Drivers/STM32F4xx_HAL_Driver/stm32f4xx_hal_gpio.o
 .ARM.attributes
                0x0000000000000407       0x39 Drivers/STM32F4xx_HAL_Driver/stm32f4xx_hal_i2c.o
 .ARM.attributes
                0x0000000000000440       0x39 Drivers/STM32F4xx_HAL_Driver/stm32f4xx_hal_rcc.o
 .ARM.attributes
                0x0000000000000479       0x39 Drivers/STM32F4xx_HAL_Driver/stm32f4xx_hal_tim.o
 .ARM.attributes
                0x00000000000004b2       0x39 Drivers/STM32F4xx_HAL_Driver/stm32f4xx_hal_tim_ex.o
 .ARM.attributes
                0x00000000000004eb       0x39 Drivers/STM32F4xx_HAL_Driver/stm32f4xx_hal_uart.o
 .ARM.attributes
                0x0000000000000524       0x39 startup/sysmem.o
 .ARM.attributes
                0x000000000000055d       0x34 z:/software/st/stm32cubeide_1.0.1/stm32cubeide/plugins/com.st.stm32cube.ide.mcu.externaltools.gnu-tools-for-stm32.7-2018-q2-update.win32_1.0.0.201904181610/tools/bin/../lib/gcc/arm-none-eabi/7.3.1/../../../../arm-none-eabi/lib/thumb/v7e-m/fpv4-sp/hard\libc_nano.a(lib_a-errno.o)
 .ARM.attributes
                0x0000000000000591       0x34 z:/software/st/stm32cubeide_1.0.1/stm32cubeide/plugins/com.st.stm32cube.ide.mcu.externaltools.gnu-tools-for-stm32.7-2018-q2-update.win32_1.0.0.201904181610/tools/bin/../lib/gcc/arm-none-eabi/7.3.1/../../../../arm-none-eabi/lib/thumb/v7e-m/fpv4-sp/hard\libc_nano.a(lib_a-impure.o)
 .ARM.attributes
                0x00000000000005c5       0x34 z:/software/st/stm32cubeide_1.0.1/stm32cubeide/plugins/com.st.stm32cube.ide.mcu.externaltools.gnu-tools-for-stm32.7-2018-q2-update.win32_1.0.0.201904181610/tools/bin/../lib/gcc/arm-none-eabi/7.3.1/../../../../arm-none-eabi/lib/thumb/v7e-m/fpv4-sp/hard\libc_nano.a(lib_a-init.o)
 .ARM.attributes
                0x00000000000005f9       0x34 z:/software/st/stm32cubeide_1.0.1/stm32cubeide/plugins/com.st.stm32cube.ide.mcu.externaltools.gnu-tools-for-stm32.7-2018-q2-update.win32_1.0.0.201904181610/tools/bin/../lib/gcc/arm-none-eabi/7.3.1/../../../../arm-none-eabi/lib/thumb/v7e-m/fpv4-sp/hard\libc_nano.a(lib_a-memcpy-stub.o)
 .ARM.attributes
                0x000000000000062d       0x34 z:/software/st/stm32cubeide_1.0.1/stm32cubeide/plugins/com.st.stm32cube.ide.mcu.externaltools.gnu-tools-for-stm32.7-2018-q2-update.win32_1.0.0.201904181610/tools/bin/../lib/gcc/arm-none-eabi/7.3.1/../../../../arm-none-eabi/lib/thumb/v7e-m/fpv4-sp/hard\libc_nano.a(lib_a-memset.o)
 .ARM.attributes
                0x0000000000000661       0x34 z:/software/st/stm32cubeide_1.0.1/stm32cubeide/plugins/com.st.stm32cube.ide.mcu.externaltools.gnu-tools-for-stm32.7-2018-q2-update.win32_1.0.0.201904181610/tools/bin/../lib/gcc/arm-none-eabi/7.3.1/../../../../arm-none-eabi/lib/thumb/v7e-m/fpv4-sp/hard\libc_nano.a(lib_a-sprintf.o)
 .ARM.attributes
                0x0000000000000695       0x34 z:/software/st/stm32cubeide_1.0.1/stm32cubeide/plugins/com.st.stm32cube.ide.mcu.externaltools.gnu-tools-for-stm32.7-2018-q2-update.win32_1.0.0.201904181610/tools/bin/../lib/gcc/arm-none-eabi/7.3.1/../../../../arm-none-eabi/lib/thumb/v7e-m/fpv4-sp/hard\libc_nano.a(lib_a-strcpy.o)
 .ARM.attributes
                0x00000000000006c9       0x34 z:/software/st/stm32cubeide_1.0.1/stm32cubeide/plugins/com.st.stm32cube.ide.mcu.externaltools.gnu-tools-for-stm32.7-2018-q2-update.win32_1.0.0.201904181610/tools/bin/../lib/gcc/arm-none-eabi/7.3.1/../../../../arm-none-eabi/lib/thumb/v7e-m/fpv4-sp/hard\libc_nano.a(lib_a-vsnprintf.o)
 .ARM.attributes
                0x00000000000006fd       0x34 z:/software/st/stm32cubeide_1.0.1/stm32cubeide/plugins/com.st.stm32cube.ide.mcu.externaltools.gnu-tools-for-stm32.7-2018-q2-update.win32_1.0.0.201904181610/tools/bin/../lib/gcc/arm-none-eabi/7.3.1/../../../../arm-none-eabi/lib/thumb/v7e-m/fpv4-sp/hard\libc_nano.a(lib_a-nano-svfprintf.o)
 .ARM.attributes
                0x0000000000000731       0x34 z:/software/st/stm32cubeide_1.0.1/stm32cubeide/plugins/com.st.stm32cube.ide.mcu.externaltools.gnu-tools-for-stm32.7-2018-q2-update.win32_1.0.0.201904181610/tools/bin/../lib/gcc/arm-none-eabi/7.3.1/../../../../arm-none-eabi/lib/thumb/v7e-m/fpv4-sp/hard\libc_nano.a(lib_a-nano-vfprintf_i.o)
 .ARM.attributes
                0x0000000000000765       0x20 z:/software/st/stm32cubeide_1.0.1/stm32cubeide/plugins/com.st.stm32cube.ide.mcu.externaltools.gnu-tools-for-stm32.7-2018-q2-update.win32_1.0.0.201904181610/tools/bin/../lib/gcc/arm-none-eabi/7.3.1/../../../../arm-none-eabi/lib/thumb/v7e-m/fpv4-sp/hard\libc_nano.a(lib_a-memchr.o)
 .ARM.attributes
                0x0000000000000785       0x34 z:/software/st/stm32cubeide_1.0.1/stm32cubeide/plugins/com.st.stm32cube.ide.mcu.externaltools.gnu-tools-for-stm32.7-2018-q2-update.win32_1.0.0.201904181610/tools/bin/../lib/gcc/arm-none-eabi/7.3.1/../../../../arm-none-eabi/lib/thumb/v7e-m/fpv4-sp/hard\libc_nano.a(lib_a-memmove.o)
 .ARM.attributes
                0x00000000000007b9       0x34 z:/software/st/stm32cubeide_1.0.1/stm32cubeide/plugins/com.st.stm32cube.ide.mcu.externaltools.gnu-tools-for-stm32.7-2018-q2-update.win32_1.0.0.201904181610/tools/bin/../lib/gcc/arm-none-eabi/7.3.1/../../../../arm-none-eabi/lib/thumb/v7e-m/fpv4-sp/hard\libc_nano.a(lib_a-nano-freer.o)
 .ARM.attributes
                0x00000000000007ed       0x34 z:/software/st/stm32cubeide_1.0.1/stm32cubeide/plugins/com.st.stm32cube.ide.mcu.externaltools.gnu-tools-for-stm32.7-2018-q2-update.win32_1.0.0.201904181610/tools/bin/../lib/gcc/arm-none-eabi/7.3.1/../../../../arm-none-eabi/lib/thumb/v7e-m/fpv4-sp/hard\libc_nano.a(lib_a-nano-mallocr.o)
 .ARM.attributes
                0x0000000000000821       0x34 z:/software/st/stm32cubeide_1.0.1/stm32cubeide/plugins/com.st.stm32cube.ide.mcu.externaltools.gnu-tools-for-stm32.7-2018-q2-update.win32_1.0.0.201904181610/tools/bin/../lib/gcc/arm-none-eabi/7.3.1/../../../../arm-none-eabi/lib/thumb/v7e-m/fpv4-sp/hard\libc_nano.a(lib_a-nano-reallocr.o)
 .ARM.attributes
                0x0000000000000855       0x34 z:/software/st/stm32cubeide_1.0.1/stm32cubeide/plugins/com.st.stm32cube.ide.mcu.externaltools.gnu-tools-for-stm32.7-2018-q2-update.win32_1.0.0.201904181610/tools/bin/../lib/gcc/arm-none-eabi/7.3.1/../../../../arm-none-eabi/lib/thumb/v7e-m/fpv4-sp/hard\libc_nano.a(lib_a-sbrkr.o)
 .ARM.attributes
                0x0000000000000889       0x34 z:/software/st/stm32cubeide_1.0.1/stm32cubeide/plugins/com.st.stm32cube.ide.mcu.externaltools.gnu-tools-for-stm32.7-2018-q2-update.win32_1.0.0.201904181610/tools/bin/../lib/gcc/arm-none-eabi/7.3.1/../../../../arm-none-eabi/lib/thumb/v7e-m/fpv4-sp/hard\libc_nano.a(lib_a-mlock.o)
 .ARM.attributes
                0x00000000000008bd       0x34 z:/software/st/stm32cubeide_1.0.1/stm32cubeide/plugins/com.st.stm32cube.ide.mcu.externaltools.gnu-tools-for-stm32.7-2018-q2-update.win32_1.0.0.201904181610/tools/bin/../lib/gcc/arm-none-eabi/7.3.1/../../../../arm-none-eabi/lib/thumb/v7e-m/fpv4-sp/hard\libc_nano.a(lib_a-nano-msizer.o)
 .ARM.attributes
                0x00000000000008f1       0x34 z:/software/st/stm32cubeide_1.0.1/stm32cubeide/plugins/com.st.stm32cube.ide.mcu.externaltools.gnu-tools-for-stm32.7-2018-q2-update.win32_1.0.0.201904181610/tools/bin/../lib/gcc/arm-none-eabi/7.3.1/../../../../arm-none-eabi/lib/thumb/v7e-m/fpv4-sp/hard\libc_nano.a(lib_a-reent.o)
 .ARM.attributes
                0x0000000000000925       0x22 z:/software/st/stm32cubeide_1.0.1/stm32cubeide/plugins/com.st.stm32cube.ide.mcu.externaltools.gnu-tools-for-stm32.7-2018-q2-update.win32_1.0.0.201904181610/tools/bin/../lib/gcc/arm-none-eabi/7.3.1/thumb/v7e-m/fpv4-sp/hard/crtn.o
OUTPUT(VL53L0X_GestureDetect_F401.elf elf32-littlearm)

.debug_line     0x0000000000000000    0x130e6
 .debug_line    0x0000000000000000      0x116 Application/SW4STM32/startup_stm32f401xe.o
 .debug_line    0x0000000000000116      0xdb7 Application/User/main.o
 .debug_line    0x0000000000000ecd      0x9ec Application/User/stm32f4xx_hal_msp.o
 .debug_line    0x00000000000018b9      0x9df Application/User/stm32f4xx_it.o
 .debug_line    0x0000000000002298      0xc69 Drivers/BSP/X-NUCLEO-53L0A1/X-NUCLEO-53L0A1.o
 .debug_line    0x0000000000002f01      0xa14 Drivers/BSP/X-NUCLEO-53L0A1/uart_trace.o
 .debug_line    0x0000000000003915      0xae0 Drivers/BSP/X-NUCLEO-53L0A1/vl53l0a1-x4msp.o
 .debug_line    0x00000000000043f5      0xbd9 Drivers/BSP/X-NUCLEO-53L0A1/vl53l0x_platform.o
 .debug_line    0x0000000000004fce     0x181a Drivers/BSP/vl53l0x/vl53l0x_api.o
 .debug_line    0x00000000000067e8     0x1041 Drivers/BSP/vl53l0x/vl53l0x_api_calibration.o
 .debug_line    0x0000000000007829     0x125f Drivers/BSP/vl53l0x/vl53l0x_api_core.o
 .debug_line    0x0000000000008a88      0x6d0 Drivers/BSP/vl53l0x/vl53l0x_platform_log.o
 .debug_line    0x0000000000009158      0x9fb Drivers/CMSIS/system_stm32f4xx.o
 .debug_line    0x0000000000009b53      0xb56 Drivers/STM32F4xx_HAL_Driver/stm32f4xx_hal.o
 .debug_line    0x000000000000a6a9      0xc88 Drivers/STM32F4xx_HAL_Driver/stm32f4xx_hal_cortex.o
 .debug_line    0x000000000000b331      0xc85 Drivers/STM32F4xx_HAL_Driver/stm32f4xx_hal_dma.o
 .debug_line    0x000000000000bfb6      0xb55 Drivers/STM32F4xx_HAL_Driver/stm32f4xx_hal_gpio.o
 .debug_line    0x000000000000cb0b     0x19b9 Drivers/STM32F4xx_HAL_Driver/stm32f4xx_hal_i2c.o
 .debug_line    0x000000000000e4c4      0xca6 Drivers/STM32F4xx_HAL_Driver/stm32f4xx_hal_rcc.o
 .debug_line    0x000000000000f16a     0x1954 Drivers/STM32F4xx_HAL_Driver/stm32f4xx_hal_tim.o
 .debug_line    0x0000000000010abe      0xf78 Drivers/STM32F4xx_HAL_Driver/stm32f4xx_hal_tim_ex.o
 .debug_line    0x0000000000011a36     0x1126 Drivers/STM32F4xx_HAL_Driver/stm32f4xx_hal_uart.o
 .debug_line    0x0000000000012b5c      0x58a startup/sysmem.o

.debug_info     0x0000000000000000    0x22000
 .debug_info    0x0000000000000000       0x22 Application/SW4STM32/startup_stm32f401xe.o
 .debug_info    0x0000000000000022     0x2067 Application/User/main.o
 .debug_info    0x0000000000002089     0x116d Application/User/stm32f4xx_hal_msp.o
 .debug_info    0x00000000000031f6      0xd6f Application/User/stm32f4xx_it.o
 .debug_info    0x0000000000003f65     0x1c2e Drivers/BSP/X-NUCLEO-53L0A1/X-NUCLEO-53L0A1.o
 .debug_info    0x0000000000005b93      0xe9f Drivers/BSP/X-NUCLEO-53L0A1/uart_trace.o
 .debug_info    0x0000000000006a32     0x1671 Drivers/BSP/X-NUCLEO-53L0A1/vl53l0a1-x4msp.o
 .debug_info    0x00000000000080a3     0x190a Drivers/BSP/X-NUCLEO-53L0A1/vl53l0x_platform.o
 .debug_info    0x00000000000099ad     0x4131 Drivers/BSP/vl53l0x/vl53l0x_api.o
 .debug_info    0x000000000000dade     0x22f8 Drivers/BSP/vl53l0x/vl53l0x_api_calibration.o
 .debug_info    0x000000000000fdd6     0x2917 Drivers/BSP/vl53l0x/vl53l0x_api_core.o
 .debug_info    0x00000000000126ed      0xa63 Drivers/BSP/vl53l0x/vl53l0x_platform_log.o
 .debug_info    0x0000000000013150      0xd0a Drivers/CMSIS/system_stm32f4xx.o
 .debug_info    0x0000000000013e5a      0xfe5 Drivers/STM32F4xx_HAL_Driver/stm32f4xx_hal.o
 .debug_info    0x0000000000014e3f     0x1487 Drivers/STM32F4xx_HAL_Driver/stm32f4xx_hal_cortex.o
 .debug_info    0x00000000000162c6     0x10f3 Drivers/STM32F4xx_HAL_Driver/stm32f4xx_hal_dma.o
 .debug_info    0x00000000000173b9      0xf5b Drivers/STM32F4xx_HAL_Driver/stm32f4xx_hal_gpio.o
 .debug_info    0x0000000000018314     0x2847 Drivers/STM32F4xx_HAL_Driver/stm32f4xx_hal_i2c.o
 .debug_info    0x000000000001ab5b     0x1365 Drivers/STM32F4xx_HAL_Driver/stm32f4xx_hal_rcc.o
 .debug_info    0x000000000001bec0     0x2999 Drivers/STM32F4xx_HAL_Driver/stm32f4xx_hal_tim.o
 .debug_info    0x000000000001e859     0x1763 Drivers/STM32F4xx_HAL_Driver/stm32f4xx_hal_tim_ex.o
 .debug_info    0x000000000001ffbc     0x1728 Drivers/STM32F4xx_HAL_Driver/stm32f4xx_hal_uart.o
 .debug_info    0x00000000000216e4      0x91c startup/sysmem.o

.debug_abbrev   0x0000000000000000     0x3800
 .debug_abbrev  0x0000000000000000       0x12 Application/SW4STM32/startup_stm32f401xe.o
 .debug_abbrev  0x0000000000000012      0x33f Application/User/main.o
 .debug_abbrev  0x0000000000000351      0x208 Application/User/stm32f4xx_hal_msp.o
 .debug_abbrev  0x0000000000000559      0x1a2 Application/User/stm32f4xx_it.o
 .debug_abbrev  0x00000000000006fb      0x321 Drivers/BSP/X-NUCLEO-53L0A1/X-NUCLEO-53L0A1.o
 .debug_abbrev  0x0000000000000a1c      0x22c Drivers/BSP/X-NUCLEO-53L0A1/uart_trace.o
 .debug_abbrev  0x0000000000000c48      0x297 Drivers/BSP/X-NUCLEO-53L0A1/vl53l0a1-x4msp.o
 .debug_abbrev  0x0000000000000edf      0x243 Drivers/BSP/X-NUCLEO-53L0A1/vl53l0x_platform.o
 .debug_abbrev  0x0000000000001122      0x2ad Drivers/BSP/vl53l0x/vl53l0x_api.o
 .debug_abbrev  0x00000000000013cf      0x2c0 Drivers/BSP/vl53l0x/vl53l0x_api_calibration.o
 .debug_abbrev  0x000000000000168f      0x2da Drivers/BSP/vl53l0x/vl53l0x_api_core.o
 .debug_abbrev  0x0000000000001969      0x20a Drivers/BSP/vl53l0x/vl53l0x_platform_log.o
 .debug_abbrev  0x0000000000001b73      0x1de Drivers/CMSIS/system_stm32f4xx.o
 .debug_abbrev  0x0000000000001d51      0x2cb Drivers/STM32F4xx_HAL_Driver/stm32f4xx_hal.o
 .debug_abbrev  0x000000000000201c      0x376 Drivers/STM32F4xx_HAL_Driver/stm32f4xx_hal_cortex.o
 .debug_abbrev  0x0000000000002392      0x27e Drivers/STM32F4xx_HAL_Driver/stm32f4xx_hal_dma.o
 .debug_abbrev  0x0000000000002610      0x251 Drivers/STM32F4xx_HAL_Driver/stm32f4xx_hal_gpio.o
 .debug_abbrev  0x0000000000002861      0x2a6 Drivers/STM32F4xx_HAL_Driver/stm32f4xx_hal_i2c.o
 .debug_abbrev  0x0000000000002b07      0x33b Drivers/STM32F4xx_HAL_Driver/stm32f4xx_hal_rcc.o
 .debug_abbrev  0x0000000000002e42      0x2b2 Drivers/STM32F4xx_HAL_Driver/stm32f4xx_hal_tim.o
 .debug_abbrev  0x00000000000030f4      0x28f Drivers/STM32F4xx_HAL_Driver/stm32f4xx_hal_tim_ex.o
 .debug_abbrev  0x0000000000003383      0x2c2 Drivers/STM32F4xx_HAL_Driver/stm32f4xx_hal_uart.o
 .debug_abbrev  0x0000000000003645      0x1bb startup/sysmem.o

.debug_aranges  0x0000000000000000     0x1380
 .debug_aranges
                0x0000000000000000       0x28 Application/SW4STM32/startup_stm32f401xe.o
 .debug_aranges
                0x0000000000000028       0x70 Application/User/main.o
 .debug_aranges
                0x0000000000000098       0x28 Application/User/stm32f4xx_hal_msp.o
 .debug_aranges
                0x00000000000000c0       0x20 Application/User/stm32f4xx_it.o
 .debug_aranges
                0x00000000000000e0       0x80 Drivers/BSP/X-NUCLEO-53L0A1/X-NUCLEO-53L0A1.o
 .debug_aranges
                0x0000000000000160       0x30 Drivers/BSP/X-NUCLEO-53L0A1/uart_trace.o
 .debug_aranges
                0x0000000000000190       0x78 Drivers/BSP/X-NUCLEO-53L0A1/vl53l0a1-x4msp.o
 .debug_aranges
                0x0000000000000208       0x78 Drivers/BSP/X-NUCLEO-53L0A1/vl53l0x_platform.o
 .debug_aranges
                0x0000000000000280      0x330 Drivers/BSP/vl53l0x/vl53l0x_api.o
 .debug_aranges
                0x00000000000005b0       0xd0 Drivers/BSP/vl53l0x/vl53l0x_api_calibration.o
 .debug_aranges
                0x0000000000000680       0xe0 Drivers/BSP/vl53l0x/vl53l0x_api_core.o
 .debug_aranges
                0x0000000000000760       0x28 Drivers/BSP/vl53l0x/vl53l0x_platform_log.o
 .debug_aranges
                0x0000000000000788       0x28 Drivers/CMSIS/system_stm32f4xx.o
 .debug_aranges
                0x00000000000007b0       0xc0 Drivers/STM32F4xx_HAL_Driver/stm32f4xx_hal.o
 .debug_aranges
                0x0000000000000870      0x108 Drivers/STM32F4xx_HAL_Driver/stm32f4xx_hal_cortex.o
 .debug_aranges
                0x0000000000000978       0x90 Drivers/STM32F4xx_HAL_Driver/stm32f4xx_hal_dma.o
 .debug_aranges
                0x0000000000000a08       0x58 Drivers/STM32F4xx_HAL_Driver/stm32f4xx_hal_gpio.o
 .debug_aranges
                0x0000000000000a60      0x268 Drivers/STM32F4xx_HAL_Driver/stm32f4xx_hal_i2c.o
 .debug_aranges
                0x0000000000000cc8       0x88 Drivers/STM32F4xx_HAL_Driver/stm32f4xx_hal_rcc.o
 .debug_aranges
                0x0000000000000d50      0x368 Drivers/STM32F4xx_HAL_Driver/stm32f4xx_hal_tim.o
 .debug_aranges
                0x00000000000010b8      0x140 Drivers/STM32F4xx_HAL_Driver/stm32f4xx_hal_tim_ex.o
 .debug_aranges
                0x00000000000011f8      0x168 Drivers/STM32F4xx_HAL_Driver/stm32f4xx_hal_uart.o
 .debug_aranges
                0x0000000000001360       0x20 startup/sysmem.o

.debug_str      0x0000000000000000    0x657df
 .debug_str     0x0000000000000000      0x185 Application/SW4STM32/startup_stm32f401xe.o
 .debug_str     0x0000000000000185    0x5e192 Application/User/main.o
                                      0x5e846 (size before relaxing)
 .debug_str     0x000000000005e317      0x446 Application/User/stm32f4xx_hal_msp.o
                                      0x5981d (size before relaxing)
 .debug_str     0x000000000005e75d       0xd2 Application/User/stm32f4xx_it.o
                                      0x59379 (size before relaxing)
 .debug_str     0x000000000005e82f      0x44a Drivers/BSP/X-NUCLEO-53L0A1/X-NUCLEO-53L0A1.o
                                      0x5a37f (size before relaxing)
 .debug_str     0x000000000005ec79       0xdb Drivers/BSP/X-NUCLEO-53L0A1/uart_trace.o
                                      0x594e3 (size before relaxing)
 .debug_str     0x000000000005ed54      0x17f Drivers/BSP/X-NUCLEO-53L0A1/vl53l0a1-x4msp.o
                                      0x5a092 (size before relaxing)
 .debug_str     0x000000000005eed3      0x23a Drivers/BSP/X-NUCLEO-53L0A1/vl53l0x_platform.o
                                      0x5d8ae (size before relaxing)
 .debug_str     0x000000000005f10d     0x1753 Drivers/BSP/vl53l0x/vl53l0x_api.o
                                      0x5f080 (size before relaxing)
 .debug_str     0x0000000000060860      0x815 Drivers/BSP/vl53l0x/vl53l0x_api_calibration.o
                                      0x5e2e3 (size before relaxing)
 .debug_str     0x0000000000061075      0xdbd Drivers/BSP/vl53l0x/vl53l0x_api_core.o
                                      0x5e94e (size before relaxing)
 .debug_str     0x0000000000061e32      0x112 Drivers/BSP/vl53l0x/vl53l0x_platform_log.o
                                       0xaf63 (size before relaxing)
 .debug_str     0x0000000000061f44      0x156 Drivers/CMSIS/system_stm32f4xx.o
                                      0x590f9 (size before relaxing)
 .debug_str     0x000000000006209a      0x520 Drivers/STM32F4xx_HAL_Driver/stm32f4xx_hal.o
                                      0x59920 (size before relaxing)
 .debug_str     0x00000000000625ba      0x395 Drivers/STM32F4xx_HAL_Driver/stm32f4xx_hal_cortex.o
                                      0x597c2 (size before relaxing)
 .debug_str     0x000000000006294f      0x388 Drivers/STM32F4xx_HAL_Driver/stm32f4xx_hal_dma.o
                                      0x594cf (size before relaxing)
 .debug_str     0x0000000000062cd7      0x297 Drivers/STM32F4xx_HAL_Driver/stm32f4xx_hal_gpio.o
                                      0x59360 (size before relaxing)
 .debug_str     0x0000000000062f6e      0xad9 Drivers/STM32F4xx_HAL_Driver/stm32f4xx_hal_i2c.o
                                      0x59ec9 (size before relaxing)
 .debug_str     0x0000000000063a47      0x2cf Drivers/STM32F4xx_HAL_Driver/stm32f4xx_hal_rcc.o
                                      0x594c7 (size before relaxing)
 .debug_str     0x0000000000063d16      0xccd Drivers/STM32F4xx_HAL_Driver/stm32f4xx_hal_tim.o
                                      0x5a08f (size before relaxing)
 .debug_str     0x00000000000649e3      0x540 Drivers/STM32F4xx_HAL_Driver/stm32f4xx_hal_tim_ex.o
                                      0x59942 (size before relaxing)
 .debug_str     0x0000000000064f23      0x3ff Drivers/STM32F4xx_HAL_Driver/stm32f4xx_hal_uart.o
                                      0x5977a (size before relaxing)
 .debug_str     0x0000000000065322      0x4bd startup/sysmem.o
                                       0x7bf3 (size before relaxing)

.debug_ranges   0x0000000000000000     0x1218
 .debug_ranges  0x0000000000000000       0x20 Application/SW4STM32/startup_stm32f401xe.o
 .debug_ranges  0x0000000000000020       0x60 Application/User/main.o
 .debug_ranges  0x0000000000000080       0x18 Application/User/stm32f4xx_hal_msp.o
 .debug_ranges  0x0000000000000098       0x10 Application/User/stm32f4xx_it.o
 .debug_ranges  0x00000000000000a8       0x70 Drivers/BSP/X-NUCLEO-53L0A1/X-NUCLEO-53L0A1.o
 .debug_ranges  0x0000000000000118       0x20 Drivers/BSP/X-NUCLEO-53L0A1/uart_trace.o
 .debug_ranges  0x0000000000000138       0x68 Drivers/BSP/X-NUCLEO-53L0A1/vl53l0a1-x4msp.o
 .debug_ranges  0x00000000000001a0       0x68 Drivers/BSP/X-NUCLEO-53L0A1/vl53l0x_platform.o
 .debug_ranges  0x0000000000000208      0x320 Drivers/BSP/vl53l0x/vl53l0x_api.o
 .debug_ranges  0x0000000000000528       0xc0 Drivers/BSP/vl53l0x/vl53l0x_api_calibration.o
 .debug_ranges  0x00000000000005e8       0xd0 Drivers/BSP/vl53l0x/vl53l0x_api_core.o
 .debug_ranges  0x00000000000006b8       0x18 Drivers/BSP/vl53l0x/vl53l0x_platform_log.o
 .debug_ranges  0x00000000000006d0       0x18 Drivers/CMSIS/system_stm32f4xx.o
 .debug_ranges  0x00000000000006e8       0xb0 Drivers/STM32F4xx_HAL_Driver/stm32f4xx_hal.o
 .debug_ranges  0x0000000000000798       0xf8 Drivers/STM32F4xx_HAL_Driver/stm32f4xx_hal_cortex.o
 .debug_ranges  0x0000000000000890       0x80 Drivers/STM32F4xx_HAL_Driver/stm32f4xx_hal_dma.o
 .debug_ranges  0x0000000000000910       0x48 Drivers/STM32F4xx_HAL_Driver/stm32f4xx_hal_gpio.o
 .debug_ranges  0x0000000000000958      0x258 Drivers/STM32F4xx_HAL_Driver/stm32f4xx_hal_i2c.o
 .debug_ranges  0x0000000000000bb0       0x78 Drivers/STM32F4xx_HAL_Driver/stm32f4xx_hal_rcc.o
 .debug_ranges  0x0000000000000c28      0x358 Drivers/STM32F4xx_HAL_Driver/stm32f4xx_hal_tim.o
 .debug_ranges  0x0000000000000f80      0x130 Drivers/STM32F4xx_HAL_Driver/stm32f4xx_hal_tim_ex.o
 .debug_ranges  0x00000000000010b0      0x158 Drivers/STM32F4xx_HAL_Driver/stm32f4xx_hal_uart.o
 .debug_ranges  0x0000000000001208       0x10 startup/sysmem.o

.debug_macro    0x0000000000000000    0x13826
 .debug_macro   0x0000000000000000      0x446 Application/User/main.o
 .debug_macro   0x0000000000000446      0xa7e Application/User/main.o
 .debug_macro   0x0000000000000ec4       0x5e Application/User/main.o
 .debug_macro   0x0000000000000f22      0x1b6 Application/User/main.o
 .debug_macro   0x00000000000010d8       0x31 Application/User/main.o
 .debug_macro   0x0000000000001109       0x28 Application/User/main.o
 .debug_macro   0x0000000000001131       0x22 Application/User/main.o
 .debug_macro   0x0000000000001153       0x8e Application/User/main.o
 .debug_macro   0x00000000000011e1       0x51 Application/User/main.o
 .debug_macro   0x0000000000001232       0xef Application/User/main.o
 .debug_macro   0x0000000000001321       0x6a Application/User/main.o
 .debug_macro   0x000000000000138b      0x1df Application/User/main.o
 .debug_macro   0x000000000000156a       0x35 Application/User/main.o
 .debug_macro   0x000000000000159f       0x50 Application/User/main.o
 .debug_macro   0x00000000000015ef      0xe66 Application/User/main.o
 .debug_macro   0x0000000000002455     0x5099 Application/User/main.o
 .debug_macro   0x00000000000074ee       0x43 Application/User/main.o
 .debug_macro   0x0000000000007531     0x347f Application/User/main.o
 .debug_macro   0x000000000000a9b0       0x46 Application/User/main.o
 .debug_macro   0x000000000000a9f6       0x18 Application/User/main.o
 .debug_macro   0x000000000000aa0e       0x3c Application/User/main.o
 .debug_macro   0x000000000000aa4a       0x34 Application/User/main.o
 .debug_macro   0x000000000000aa7e       0x16 Application/User/main.o
 .debug_macro   0x000000000000aa94       0x97 Application/User/main.o
 .debug_macro   0x000000000000ab2b      0x330 Application/User/main.o
 .debug_macro   0x000000000000ae5b       0xfd Application/User/main.o
 .debug_macro   0x000000000000af58       0x10 Application/User/main.o
 .debug_macro   0x000000000000af68       0x52 Application/User/main.o
 .debug_macro   0x000000000000afba       0x1f Application/User/main.o
 .debug_macro   0x000000000000afd9       0x43 Application/User/main.o
 .debug_macro   0x000000000000b01c       0x20 Application/User/main.o
 .debug_macro   0x000000000000b03c      0x1a3 Application/User/main.o
 .debug_macro   0x000000000000b1df       0x10 Application/User/main.o
 .debug_macro   0x000000000000b1ef       0x1c Application/User/main.o
 .debug_macro   0x000000000000b20b       0x52 Application/User/main.o
 .debug_macro   0x000000000000b25d       0x40 Application/User/main.o
 .debug_macro   0x000000000000b29d       0x10 Application/User/main.o
 .debug_macro   0x000000000000b2ad       0x40 Application/User/main.o
 .debug_macro   0x000000000000b2ed       0xd7 Application/User/main.o
 .debug_macro   0x000000000000b3c4       0x1c Application/User/main.o
 .debug_macro   0x000000000000b3e0       0x3d Application/User/main.o
 .debug_macro   0x000000000000b41d       0x16 Application/User/main.o
 .debug_macro   0x000000000000b433      0x145 Application/User/main.o
 .debug_macro   0x000000000000b578       0x50 Application/User/main.o
 .debug_macro   0x000000000000b5c8      0x424 Application/User/main.o
 .debug_macro   0x000000000000b9ec      0x9e1 Application/User/main.o
 .debug_macro   0x000000000000c3cd      0x11e Application/User/main.o
 .debug_macro   0x000000000000c4eb       0xf8 Application/User/main.o